Consolidate compiler generated dependencies of target wm2-born-again
[  7%] Built target wm2-born-again
Consolidate compiler generated dependencies of target Catch2
[ 68%] Built target Catch2
Consolidate compiler generated dependencies of target Catch2WithMain
[ 69%] Built target Catch2WithMain
Consolidate compiler generated dependencies of target test_eventloop
Consolidate compiler generated dependencies of target test_menupaint
Consolidate compiler generated dependencies of target test_client
Consolidate compiler generated dependencies of target test_autoraise
Consolidate compiler generated dependencies of target test_raii
Consolidate compiler generated dependencies of target test_smoke
Consolidate compiler generated dependencies of target test_xft_poc
Consolidate compiler generated dependencies of target test_ewmh
Consolidate compiler generated dependencies of target test_wm_resource
Consolidate compiler generated dependencies of target test_wm_lifecycle
Consolidate compiler generated dependencies of target test_wm_fallbacks
Consolidate compiler generated dependencies of target test_wm_rules
Consolidate compiler generated dependencies of target test_wm_focus
Consolidate compiler generated dependencies of target test_wm_process
Consolidate compiler generated dependencies of target test_wm_state
Consolidate compiler generated dependencies of target test_wm_runtime
Consolidate compiler generated dependencies of target test_wm_geometry
Consolidate compiler generated dependencies of target test_wm_repro
[ 71%] Built target test_menupaint
[ 73%] Built target test_raii
[ 73%] Built target test_client
[ 74%] Built target test_eventloop
[ 75%] Built target test_autoraise
[ 76%] Built target test_ewmh
[ 77%] Built target test_smoke
[ 78%] Built target test_wm_rules
[ 79%] Built target test_wm_fallbacks
[ 80%] Built target test_wm_process
[ 81%] Built target test_xft_poc
[ 83%] Built target test_wm_repro
[ 82%] Built target test_wm_focus
[ 85%] Built target test_wm_state
[ 86%] Built target test_wm_lifecycle
Consolidate compiler generated dependencies of target test_desktopentry
[ 87%] Built target test_wm_resource
[ 88%] Built target test_wm_runtime
Consolidate compiler generated dependencies of target test_config
[ 90%] Built target test_wm_geometry
Consolidate compiler generated dependencies of target test_rules
Consolidate compiler generated dependencies of target test_binaryscanner
[ 92%] Built target test_desktopentry
Consolidate compiler generated dependencies of target test_appcache
[ 94%] Built target test_rules
[ 95%] Built target test_config
[ 98%] Built target test_appcache
[100%] Built target test_binaryscanner
