== preflight ==
  preflight OK

== debug ==
-- Configuring done
-- Generating done
-- Build files have been written to: /home/tomislav/development/wm2-born-again/build/debug
Consolidate compiler generated dependencies of target wm2-born-again
[  8%] Built target wm2-born-again
Consolidate compiler generated dependencies of target Catch2
[ 70%] Built target Catch2
Consolidate compiler generated dependencies of target Catch2WithMain
[ 71%] Built target Catch2WithMain
Consolidate compiler generated dependencies of target test_eventloop
Consolidate compiler generated dependencies of target test_client
Consolidate compiler generated dependencies of target test_smoke
Consolidate compiler generated dependencies of target test_raii
Consolidate compiler generated dependencies of target test_ewmh
Consolidate compiler generated dependencies of target test_autoraise
Consolidate compiler generated dependencies of target test_xft_poc
Consolidate compiler generated dependencies of target test_wm_focus
Consolidate compiler generated dependencies of target test_wm_fallbacks
Consolidate compiler generated dependencies of target test_wm_lifecycle
Consolidate compiler generated dependencies of target test_wm_geometry
Consolidate compiler generated dependencies of target test_wm_process
Consolidate compiler generated dependencies of target test_wm_rules
[ 72%] Built target test_raii
[ 73%] Built target test_autoraise
[ 74%] Built target test_client
Consolidate compiler generated dependencies of target test_wm_state
[ 75%] Built target test_eventloop
[ 76%] Built target test_smoke
[ 77%] Built target test_wm_fallbacks
[ 78%] Built target test_wm_geometry
[ 79%] Built target test_xft_poc
[ 80%] Built target test_ewmh
[ 81%] Built target test_wm_lifecycle
[ 83%] Built target test_wm_process
[ 84%] Built target test_wm_focus
[ 85%] Built target test_wm_rules
[ 86%] Built target test_wm_state
Consolidate compiler generated dependencies of target test_wm_runtime
Consolidate compiler generated dependencies of target test_wm_resource
Consolidate compiler generated dependencies of target test_config
Consolidate compiler generated dependencies of target test_rules
Consolidate compiler generated dependencies of target test_desktopentry
Consolidate compiler generated dependencies of target test_binaryscanner
Consolidate compiler generated dependencies of target test_appcache
[ 87%] Built target test_wm_resource
[ 89%] Built target test_config
[ 92%] Built target test_wm_runtime
[ 93%] Built target test_rules
[ 95%] Built target test_desktopentry
[ 97%] Built target test_binaryscanner
[100%] Built target test_appcache
  debug: 0 compiler/linker warning line(s) recorded in build/debug/build.log
Internal ctest changing into directory: /home/tomislav/development/wm2-born-again/build/debug
Test project /home/tomislav/development/wm2-born-again/build/debug
        Start   1: DisplayDeleter handles null safely
  1/313 Test   #1: DisplayDeleter handles null safely ............................................................................   Passed    0.00 sec
        Start   2: UniquePixmap default constructor is None
  2/313 Test   #2: UniquePixmap default constructor is None ......................................................................   Passed    0.00 sec
        Start   3: UniqueColormap default constructor is None
  3/313 Test   #3: UniqueColormap default constructor is None ....................................................................   Passed    0.00 sec
        Start   4: UniquePixmap is move-only
  4/313 Test   #4: UniquePixmap is move-only .....................................................................................   Passed    0.00 sec
        Start   5: GCDeleter default state has null display
  5/313 Test   #5: GCDeleter default state has null display ......................................................................   Passed    0.00 sec
        Start   6: DisplayPtr is move-only
  6/313 Test   #6: DisplayPtr is move-only .......................................................................................   Passed    0.00 sec
        Start   7: UniqueColormap is move-only
  7/313 Test   #7: UniqueColormap is move-only ...................................................................................   Passed    0.00 sec
        Start   8: UniqueCursor move transfers ownership
  8/313 Test   #8: UniqueCursor move transfers ownership .........................................................................   Passed    0.00 sec
        Start   9: GCDeleter handles null GC safely
  9/313 Test   #9: GCDeleter handles null GC safely ..............................................................................   Passed    0.00 sec
        Start  10: UniqueCursor is move-only
 10/313 Test  #10: UniqueCursor is move-only .....................................................................................   Passed    0.00 sec
        Start  11: UniqueFont default constructor is None
 11/313 Test  #11: UniqueFont default constructor is None ........................................................................   Passed    0.00 sec
        Start  12: GCDeleter handles null display + null GC safely
 12/313 Test  #12: GCDeleter handles null display + null GC safely ...............................................................   Passed    0.00 sec
        Start  13: UniqueCursor release disassociates without freeing
 13/313 Test  #13: UniqueCursor release disassociates without freeing ............................................................   Passed    0.00 sec
        Start  14: UniqueFont is move-only
 14/313 Test  #14: UniqueFont is move-only .......................................................................................   Passed    0.00 sec
        Start  15: UniqueCursor default constructor is None
 15/313 Test  #15: UniqueCursor default constructor is None ......................................................................   Passed    0.00 sec
        Start  16: FontStructDeleter handles null safely
 16/313 Test  #16: FontStructDeleter handles null safely .........................................................................   Passed    0.00 sec
        Start 312: start_xvfb
 17/313 Test #312: start_xvfb ....................................................................................................   Passed    0.11 sec
        Start  17: DisplayPtr manages display lifecycle
 18/313 Test  #17: DisplayPtr manages display lifecycle ..........................................................................   Passed    0.00 sec
        Start  18: UniquePixmap manages pixmap lifecycle
 19/313 Test  #18: UniquePixmap manages pixmap lifecycle .........................................................................   Passed    0.00 sec
        Start  19: GCPtr manages GC lifecycle
 20/313 Test  #19: GCPtr manages GC lifecycle ....................................................................................   Passed    0.00 sec
        Start  20: UniqueCursor manages cursor lifecycle
 21/313 Test  #20: UniqueCursor manages cursor lifecycle .........................................................................   Passed    0.00 sec
        Start  21: Can open Xvfb display
 22/313 Test  #21: Can open Xvfb display .........................................................................................   Passed    0.00 sec
        Start  22: FontStructPtr manages font lifecycle
 23/313 Test  #22: FontStructPtr manages font lifecycle ..........................................................................   Passed    0.00 sec
        Start  23: Xvfb display is available
 24/313 Test  #23: Xvfb display is available .....................................................................................   Passed    0.00 sec
        Start  24: FdGuard move transfers ownership
 25/313 Test  #24: FdGuard move transfers ownership ..............................................................................   Passed    0.00 sec
        Start  25: FdGuard default constructed has fd -1
 26/313 Test  #25: FdGuard default constructed has fd -1 .........................................................................   Passed    0.00 sec
        Start  26: FdGuard closes fd on destruction
 27/313 Test  #26: FdGuard closes fd on destruction ..............................................................................   Passed    0.00 sec
        Start  27: Self-pipe can be created and used
 28/313 Test  #27: Self-pipe can be created and used .............................................................................   Passed    0.00 sec
        Start  28: FdGuard move assignment transfers ownership
 29/313 Test  #28: FdGuard move assignment transfers ownership ...................................................................   Passed    0.00 sec
        Start  29: steady_clock future 80ms deadline is after now
 30/313 Test  #29: steady_clock future 80ms deadline is after now ................................................................   Passed    0.00 sec
        Start  30: Minimum of two deadlines returns earlier
 31/313 Test  #30: Minimum of two deadlines returns earlier ......................................................................   Passed    0.00 sec
        Start  31: Timeout computation clamps past deadlines to 0
 32/313 Test  #31: Timeout computation clamps past deadlines to 0 ................................................................   Passed    0.00 sec
        Start  32: Duration arithmetic produces positive ms for future deadlines
 33/313 Test  #32: Duration arithmetic produces positive ms for future deadlines .................................................   Passed    0.00 sec
        Start  33: Duration arithmetic produces positive ms for past deadlines
 34/313 Test  #33: Duration arithmetic produces positive ms for past deadlines ...................................................   Passed    0.00 sec
        Start  34: steady_clock future 400ms deadline is after now
 35/313 Test  #34: steady_clock future 400ms deadline is after now ...............................................................   Passed    0.00 sec
        Start  35: ClientState is a scoped enum
 36/313 Test  #35: ClientState is a scoped enum ..................................................................................   Passed    0.00 sec
        Start  36: ServerGrab grabs and releases X server
 37/313 Test  #36: ServerGrab grabs and releases X server ........................................................................   Passed    0.00 sec
        Start  37: ServerGrab is not copyable
 38/313 Test  #37: ServerGrab is not copyable ....................................................................................   Passed    0.00 sec
        Start  38: ClientState enum values match X11 constants
 39/313 Test  #38: ClientState enum values match X11 constants ...................................................................   Passed    0.00 sec
        Start  39: Window reparenting on Xvfb
 40/313 Test  #39: Window reparenting on Xvfb ....................................................................................   Passed    0.00 sec
        Start  40: Window creation and destruction on Xvfb
 41/313 Test  #40: Window creation and destruction on Xvfb .......................................................................   Passed    0.00 sec
        Start  41: WM_STATE property round-trip with ClientState values
 42/313 Test  #41: WM_STATE property round-trip with ClientState values ..........................................................   Passed    0.00 sec
        Start  42: Colormap window property read and free
 43/313 Test  #42: Colormap window property read and free ........................................................................   Passed    0.00 sec
        Start  43: Multiple windows managed simultaneously
 44/313 Test  #43: Multiple windows managed simultaneously .......................................................................   Passed    0.01 sec
        Start  44: Window move and resize operations
 45/313 Test  #44: Window move and resize operations .............................................................................   Passed    0.01 sec
        Start  45: ServerGrab handles null display safely
 46/313 Test  #45: ServerGrab handles null display safely ........................................................................   Passed    0.00 sec
        Start  46: UTF-8 string rendering does not crash
 47/313 Test  #46: UTF-8 string rendering does not crash .........................................................................   Passed    0.03 sec
        Start  47: Xft text measurement with XftTextExtentsUtf8
 48/313 Test  #47: Xft text measurement with XftTextExtentsUtf8 ..................................................................   Passed    0.03 sec
        Start  48: XftColor allocation and cleanup
 49/313 Test  #48: XftColor allocation and cleanup ...............................................................................   Passed    0.01 sec
        Start  49: Xft text renders inside shaped window
 50/313 Test  #49: Xft text renders inside shaped window .........................................................................   Passed    0.03 sec
        Start  50: Xft font loads by fontconfig pattern
 51/313 Test  #50: Xft font loads by fontconfig pattern ..........................................................................   Passed    0.03 sec
        Start  51: Rotated font loads via FcMatrix
 52/313 Test  #51: Rotated font loads via FcMatrix ...............................................................................   Passed    0.03 sec
        Start  52: EWMH fullscreen state round-trip
 53/313 Test  #52: EWMH fullscreen state round-trip ..............................................................................   Passed    0.00 sec
        Start  53: EWMH atoms can be interned
 54/313 Test  #53: EWMH atoms can be interned ....................................................................................   Passed    0.00 sec
        Start  54: EWMH _NET_WM_STRUT clamped to screen dimensions
 55/313 Test  #54: EWMH _NET_WM_STRUT clamped to screen dimensions ...............................................................   Passed    0.00 sec
        Start  55: _NET_CURRENT_DESKTOP is 0
 56/313 Test  #55: _NET_CURRENT_DESKTOP is 0 .....................................................................................   Passed    0.00 sec
        Start  56: _NET_WORKAREA is 4-element CARDINAL
 57/313 Test  #56: _NET_WORKAREA is 4-element CARDINAL ...........................................................................   Passed    0.00 sec
        Start  57: _NET_ACTIVE_WINDOW can be set to None
 58/313 Test  #57: _NET_ACTIVE_WINDOW can be set to None .........................................................................   Passed    0.00 sec
        Start  58: _NET_NUMBER_OF_DESKTOPS is 1
 59/313 Test  #58: _NET_NUMBER_OF_DESKTOPS is 1 ..................................................................................   Passed    0.00 sec
        Start  59: EWMH _NET_WM_STATE add/remove/toggle semantics
 60/313 Test  #59: EWMH _NET_WM_STATE add/remove/toggle semantics ................................................................   Passed    0.00 sec
        Start  60: EWMH _NET_WM_STATE property format is Atom array
 61/313 Test  #60: EWMH _NET_WM_STATE property format is Atom array ..............................................................   Passed    0.00 sec
        Start  61: EWMH _NET_WORKAREA subtracts dock struts
 62/313 Test  #61: EWMH _NET_WORKAREA subtracts dock struts ......................................................................   Passed    0.01 sec
        Start  62: _NET_CLIENT_LIST round-trip
 63/313 Test  #62: _NET_CLIENT_LIST round-trip ...................................................................................   Passed    0.00 sec
        Start  63: _NET_SUPPORTED contains declared atoms
 64/313 Test  #63: _NET_SUPPORTED contains declared atoms ........................................................................   Passed    0.00 sec
        Start  64: _NET_WM_NAME UTF8_STRING encoding
 65/313 Test  #64: _NET_WM_NAME UTF8_STRING encoding .............................................................................   Passed    0.00 sec
        Start  65: EWMH maximize state both axes
 66/313 Test  #65: EWMH maximize state both axes .................................................................................   Passed    0.00 sec
        Start  66: EWMH _NET_WM_STRUT_PARTIAL preferred over _NET_WM_STRUT
 67/313 Test  #66: EWMH _NET_WM_STRUT_PARTIAL preferred over _NET_WM_STRUT .......................................................   Passed    0.00 sec
        Start  67: _NET_SUPPORTING_WM_CHECK self-reference
 68/313 Test  #67: _NET_SUPPORTING_WM_CHECK self-reference .......................................................................   Passed    0.00 sec
        Start 311: preflight
 69/313 Test #311: preflight .....................................................................................................   Passed    0.20 sec
        Start  68: A dock window with _NET_WM_STRUT_PARTIAL shrinks _NET_WORKAREA
 70/313 Test  #68: A dock window with _NET_WM_STRUT_PARTIAL shrinks _NET_WORKAREA ................................................   Passed    0.19 sec
        Start  69: Destroying a dock window restores _NET_WORKAREA with no sanitizer report
 71/313 Test  #69: Destroying a dock window restores _NET_WORKAREA with no sanitizer report ......................................   Passed    0.21 sec
        Start  70: A root right-click with no eligible client leaves the WM responsive and idle
 72/313 Test  #70: A root right-click with no eligible client leaves the WM responsive and idle ..................................   Passed    2.21 sec
        Start  71: Synthesised XTEST input on a client's tab activates that window
 73/313 Test  #71: Synthesised XTEST input on a client's tab activates that window ...............................................   Passed    0.41 sec
        Start  72: SIGTERM shuts the WM down cleanly with exit status 0
 74/313 Test  #72: SIGTERM shuts the WM down cleanly with exit status 0 ..........................................................   Passed    0.17 sec
        Start  73: WmFixture starts the real WM and it publishes _NET_SUPPORTING_WM_CHECK
 75/313 Test  #73: WmFixture starts the real WM and it publishes _NET_SUPPORTING_WM_CHECK ........................................   Passed    0.17 sec
        Start  74: Without the lever the server reports the same frame as shaped
 76/313 Test  #74: Without the lever the server reports the same frame as shaped .................................................   Passed    0.19 sec
        Start  75: src/Border.cpp names the Xlib rectangle-combining call exactly once
 77/313 Test  #75: src/Border.cpp names the Xlib rectangle-combining call exactly once ...........................................   Passed    0.01 sec
        Start  76: With no tab font at all the WM still frames clients and exits cleanly
 78/313 Test  #76: With no tab font at all the WM still frames clients and exits cleanly .........................................   Passed    0.19 sec
        Start  77: On a server without XRender SIGTERM still shuts the WM down cleanly
 79/313 Test  #77: On a server without XRender SIGTERM still shuts the WM down cleanly ...........................................   Passed    0.19 sec
        Start  78: Spike: a rotated Xft font loads, measures and draws with XRender disabled
 80/313 Test  #78: Spike: a rotated Xft font loads, measures and draws with XRender disabled .....................................   Passed    0.20 sec
        Start  79: Without the disable the same WM records XRender as available
 81/313 Test  #79: Without the disable the same WM records XRender as available ..................................................   Passed    0.17 sec
        Start  80: With Shape forced off the server reports the frame as unshaped
 82/313 Test  #80: With Shape forced off the server reports the frame as unshaped ................................................   Passed    0.19 sec
        Start  81: A RENDER-less server is recorded in the transcript and costs no font rung
 83/313 Test  #81: A RENDER-less server is recorded in the transcript and costs no font rung .....................................   Passed    0.16 sec
        Start  82: With the rotated tab font unavailable the WM degrades to horizontal labels
 84/313 Test  #82: With the rotated tab font unavailable the WM degrades to horizontal labels ....................................   Passed    0.19 sec
        Start  83: The forced no-Shape path announces itself distinctly in the transcript
 85/313 Test  #83: The forced no-Shape path announces itself distinctly in the transcript ........................................   Passed    0.16 sec
        Start  84: With Shape forced off SIGTERM still shuts the WM down cleanly
 86/313 Test  #84: With Shape forced off SIGTERM still shuts the WM down cleanly .................................................   Passed    0.19 sec
        Start  85: With Shape forced off the WM still manages and frames a client
 87/313 Test  #85: With Shape forced off the WM still manages and frames a client ................................................   Passed    0.19 sec
        Start  86: On a server without XRender the WM starts, manages a client and frames it
 88/313 Test  #86: On a server without XRender the WM starts, manages a client and frames it .....................................   Passed    0.19 sec
        Start  87: With RANDR inert the root-ConfigureNotify fallback still reflows
 89/313 Test  #87: With RANDR inert the root-ConfigureNotify fallback still reflows ..............................................   Passed    0.20 sec
        Start  88: On a RANDR-capable server the WM announces the extension as available
 90/313 Test  #88: On a RANDR-capable server the WM announces the extension as available .........................................   Passed    0.17 sec
        Start  89: A window that still fits after a shrink is not moved
 91/313 Test  #89: A window that still fits after a shrink is not moved ..........................................................   Passed    0.21 sec
        Start  90: Redelivered screen-change notifications carrying stale dimensions change nothing
 92/313 Test  #90: Redelivered screen-change notifications carrying stale dimensions change nothing ..............................   Passed    0.20 sec
        Start  91: A client mapped fully on screen is not moved
 93/313 Test  #91: A client mapped fully on screen is not moved ..................................................................   Passed    0.19 sec
        Start  92: A window larger than the screen is clamped to the origin, not to a negative coordinate
 94/313 Test  #92: A window larger than the screen is clamped to the origin, not to a negative coordinate ........................   Passed    0.21 sec
        Start  93: A window dragged off the top-left keeps its tab on screen
 95/313 Test  #93: A window dragged off the top-left keeps its tab on screen .....................................................   Passed    0.82 sec
        Start  94: A resolution change updates _NET_WORKAREA to the new screen rectangle
 96/313 Test  #94: A resolution change updates _NET_WORKAREA to the new screen rectangle .........................................   Passed    0.18 sec
        Start  95: A window left offscreen by a shrink is moved back into view, not resized
 97/313 Test  #95: A window left offscreen by a shrink is moved back into view, not resized ......................................   Passed    0.20 sec
        Start  96: A client hanging off the right and bottom edges is moved fully on screen
 98/313 Test  #96: A client hanging off the right and bottom edges is moved fully on screen ......................................   Passed    0.19 sec
        Start  97: A configure request naming the frame does not move the window
 99/313 Test  #97: A configure request naming the frame does not move the window .................................................   Passed    0.19 sec
        Start  98: The WM manages windows normally on a server with no RANDR extension
100/313 Test  #98: The WM manages windows normally on a server with no RANDR extension ...........................................   Passed    0.19 sec
        Start  99: A fullscreen client is not repositioned by the resolution-change reflow
101/313 Test  #99: A fullscreen client is not repositioned by the resolution-change reflow .......................................   Passed    0.20 sec
        Start 100: A fullscreen client is sized to exactly the screen
102/313 Test #100: A fullscreen client is sized to exactly the screen ............................................................   Passed    0.20 sec
        Start 101: The WM starts and warns on a server with no RANDR extension
103/313 Test #101: The WM starts and warns on a server with no RANDR extension ...................................................   Passed    0.17 sec
        Start 102: With no docks _NET_WORKAREA is the full screen rectangle
104/313 Test #102: With no docks _NET_WORKAREA is the full screen rectangle ......................................................   Passed    0.17 sec
        Start 103: The WM exits cleanly on SIGTERM with no RANDR extension
105/313 Test #103: The WM exits cleanly on SIGTERM with no RANDR extension .......................................................   Passed    0.17 sec
        Start 104: An activation request from a pager is granted despite a stale timestamp
106/313 Test #104: An activation request from a pager is granted despite a stale timestamp .......................................   Passed    0.84 sec
        Start 105: With click-to-focus the pointer alone does not focus a window but a click does
107/313 Test #105: With click-to-focus the pointer alone does not focus a window but a click does ................................   Passed    2.22 sec
        Start 106: Malformed activation requests are ignored without crashing the WM
108/313 Test #106: Malformed activation requests are ignored without crashing the WM .............................................   Passed    1.77 sec
        Start 107: A stale user-time on the user-time-window proxy is arbitrated
109/313 Test #107: A stale user-time on the user-time-window proxy is arbitrated .................................................   Passed    0.84 sec
        Start 108: With auto-raise off pointer entry neither raises nor focuses the window
110/313 Test #108: With auto-raise off pointer entry neither raises nor focuses the window .......................................   Passed    2.02 sec
        Start 109: A window mapped with a stale user-time is refused focus and demands attention
111/313 Test #109: A window mapped with a stale user-time is refused focus and demands attention .................................   Passed    0.84 sec
        Start 110: With auto-raise on pointer entry raises the window above its neighbour
112/313 Test #110: With auto-raise on pointer entry raises the window above its neighbour ........................................   Passed    0.31 sec
        Start 111: With focus-stealing prevention off a stale activation request is granted
113/313 Test #111: With focus-stealing prevention off a stale activation request is granted ......................................   Passed    0.86 sec
        Start 112: A window mapped with a user-time newer than the last interaction is focused
114/313 Test #112: A window mapped with a user-time newer than the last interaction is focused ...................................   Passed    0.83 sec
        Start 113: With auto-raise off the WM burns no CPU while focus tracking is live
115/313 Test #113: With auto-raise off the WM burns no CPU while focus tracking is live ..........................................   Passed    4.69 sec
        Start 114: Activating a refused window clears its demands-attention state
116/313 Test #114: Activating a refused window clears its demands-attention state ................................................   Passed    1.11 sec
        Start 115: With focus-stealing prevention off a stale window is focused anyway
117/313 Test #115: With focus-stealing prevention off a stale window is focused anyway ...........................................   Passed    0.52 sec
        Start 116: A window mapped with no user-time property is focused
118/313 Test #116: A window mapped with no user-time property is focused .........................................................   Passed    0.52 sec
        Start 117: A fresh application activation request is granted
119/313 Test #117: A fresh application activation request is granted .............................................................   Passed    0.87 sec
        Start 118: An activation request with no source indication is granted
120/313 Test #118: An activation request with no source indication is granted ....................................................   Passed    0.87 sec
        Start 119: A window mapped with a user-time of exactly zero is not focused
121/313 Test #119: A window mapped with a user-time of exactly zero is not focused ...............................................   Passed    0.84 sec
        Start 120: With click-to-focus off the pointer alone focuses a window
122/313 Test #120: With click-to-focus off the pointer alone focuses a window ....................................................   Passed    0.29 sec
        Start 121: With raise-on-focus on a focused window is also raised
123/313 Test #121: With raise-on-focus on a focused window is also raised ........................................................   Passed    0.32 sec
        Start 122: A stale application activation request is refused and demands attention
124/313 Test #122: A stale application activation request is refused and demands attention .......................................   Passed    1.15 sec
        Start 123: A user-time of zero is refused even before any user interaction
125/313 Test #123: A user-time of zero is refused even before any user interaction ...............................................   Passed    0.51 sec
        Start 124: With raise-on-focus off a window is focused without changing stacking order
126/313 Test #124: With raise-on-focus off a window is focused without changing stacking order ...................................   Passed    2.12 sec
        Start 125: Two matching rules fold later-wins per action, not first-match
127/313 Test #125: Two matching rules fold later-wins per action, not first-match ................................................   Passed    0.56 sec
        Start 126: With no rules configured a titled window is placed where it asked
128/313 Test #126: With no rules configured a titled window is placed where it asked .............................................   Passed    0.55 sec
        Start 127: A title rule matches a window that advertises its title only through _NET_WM_NAME
129/313 Test #127: A title rule matches a window that advertises its title only through _NET_WM_NAME .............................   Passed    0.56 sec
        Start 128: A title rule and a class rule fold later-wins over one window
130/313 Test #128: A title rule and a class rule fold later-wins over one window .................................................   Passed    0.55 sec
        Start 129: A position rule that would strand a window offscreen is clamped
131/313 Test #129: A position rule that would strand a window offscreen is clamped ...............................................   Passed    0.84 sec
        Start 130: A position rule places a window and a size rule sizes it
132/313 Test #130: A position rule places a window and a size rule sizes it ......................................................   Passed    0.86 sec
        Start 131: A title changed after mapping does not re-apply the rule
133/313 Test #131: A title changed after mapping does not re-apply the rule ......................................................   Passed    0.84 sec
        Start 132: A rule matching on window type alone applies to every window of that type
134/313 Test #132: A rule matching on window type alone applies to every window of that type .....................................   Passed    1.47 sec
        Start 133: A title rule places a window whose title matches
135/313 Test #133: A title rule places a window whose title matches ..............................................................   Passed    0.86 sec
        Start 134: A window matching a skip-taskbar rule carries skip-taskbar and skip-pager
136/313 Test #134: A window matching a skip-taskbar rule carries skip-taskbar and skip-pager .....................................   Passed    0.56 sec
        Start 135: A window that matches no configured rule is untouched by the rules
137/313 Test #135: A window that matches no configured rule is untouched by the rules ............................................   Passed    0.86 sec
        Start 136: A window matching a no-decorate rule is managed without a frame
138/313 Test #136: A window matching a no-decorate rule is managed without a frame ...............................................   Passed    0.55 sec
        Start 137: With no rules configured a window is framed, placed and stated as before
139/313 Test #137: With no rules configured a window is framed, placed and stated as before ......................................   Passed    0.86 sec
        Start 138: A zero, negative or absurd resize increment neither divides by zero nor produces a nonsensical size
140/313 Test #138: A zero, negative or absurd resize increment neither divides by zero nor produces a nonsensical size ...........   Passed    3.84 sec
        Start 139: Destroying a client while it is the live focus candidate does not crash
141/313 Test #139: Destroying a client while it is the live focus candidate does not crash .......................................   Passed    1.45 sec
        Start 140: Destroying a hidden client removes it from the list without a sanitizer report
142/313 Test #140: Destroying a hidden client removes it from the list without a sanitizer report ................................   Passed    1.12 sec
        Start 141: An increment with no base size quantises against the minimum size
143/313 Test #141: An increment with no base size quantises against the minimum size .............................................   Passed    1.42 sec
        Start 142: Destroying one of three clients removes exactly that one, in order
144/313 Test #142: Destroying one of three clients removes exactly that one, in order ............................................   Passed    0.84 sec
        Start 143: A client declaring no gravity is placed as NorthWest
145/313 Test #143: A client declaring no gravity is placed as NorthWest ..........................................................   Passed    0.82 sec
        Start 144: Unhiding a client moves it back to the visible list, clears the state and remaps
146/313 Test #144: Unhiding a client moves it back to the visible list, clears the state and remaps ..............................   Passed    1.15 sec
        Start 145: A base size plus an increment quantises to base + n*increment
147/313 Test #145: A base size plus an increment quantises to base + n*increment .................................................   Passed    0.96 sec
        Start 146: Hiding a client moves it to the hidden list, marks it hidden and unmaps its frame
148/313 Test #146: Hiding a client moves it to the hidden list, marks it hidden and unmaps its frame .............................   Passed    0.82 sec
        Start 147: A maximum size cannot be dragged past, in either dimension
149/313 Test #147: A maximum size cannot be dragged past, in either dimension ....................................................   Passed    0.96 sec
        Start 148: A fixed-size client is not resized by a drag and shows no resize handle
150/313 Test #148: A fixed-size client is not resized by a drag and shows no resize handle .......................................   Passed    1.01 sec
        Start 149: Every handled window gravity places the client where that mode implies
151/313 Test #149: Every handled window gravity places the client where that mode implies ........................................   Passed    3.75 sec
        Start 150: A minimum size cannot be dragged past, in either dimension
152/313 Test #150: A minimum size cannot be dragged past, in either dimension ....................................................   Passed    0.96 sec
        Start 151: An unhandled gravity value places the window without a negative coordinate
153/313 Test #151: An unhandled gravity value places the window without a negative coordinate ....................................   Passed    0.50 sec
        Start 152: A maximum smaller than the minimum resolves without a nonsensical dimension
154/313 Test #152: A maximum smaller than the minimum resolves without a nonsensical dimension ...................................   Passed    1.44 sec
        Start 153: Destroying a mapped focused client leaves no stale list or active-window entry
155/313 Test #153: Destroying a mapped focused client leaves no stale list or active-window entry ................................   Passed    0.79 sec
        Start 154: The placement adjustment is its own inverse across map/unmap cycles
156/313 Test #154: The placement adjustment is its own inverse across map/unmap cycles ...........................................   Passed    2.65 sec
        Start 155: An empty property array is handled as absent, not as a zero value
157/313 Test #155: An empty property array is handled as absent, not as a zero value .............................................   Passed    0.18 sec
        Start 156: Maximize fills the workarea rather than the screen, and restores exactly
158/313 Test #156: Maximize fills the workarea rather than the screen, and restores exactly ......................................   Passed    1.15 sec
        Start 157: Fullscreen requested while hidden takes effect when the client is unhidden
159/313 Test #157: Fullscreen requested while hidden takes effect when the client is unhidden ....................................   Passed    0.81 sec
        Start 158: Negative and out-of-range struts never invert or empty the workarea
160/313 Test #158: Negative and out-of-range struts never invert or empty the workarea ...........................................   Passed    2.14 sec
        Start 159: A name containing invalid UTF-8 renders without crashing or corrupting
161/313 Test #159: A name containing invalid UTF-8 renders without crashing or corrupting ........................................   Passed    0.51 sec
        Start 160: A state message with the wrong format is ignored
162/313 Test #160: A state message with the wrong format is ignored ..............................................................   Passed    1.10 sec
        Start 161: Deleting a property after the window is managed is handled on the notification
163/313 Test #161: Deleting a property after the window is managed is handled on the notification ................................   Passed    0.84 sec
        Start 162: A window-type property of the wrong atom type is ignored
164/313 Test #162: A window-type property of the wrong atom type is ignored ......................................................   Passed    0.49 sec
        Start 163: Maximizing straight after leaving fullscreen uses workarea geometry
165/313 Test #163: Maximizing straight after leaving fullscreen uses workarea geometry ...........................................   Passed    1.19 sec
        Start 164: Fullscreen covers the whole screen including the dock, and restores exactly
166/313 Test #164: Fullscreen covers the whole screen including the dock, and restores exactly ...................................   Passed    0.84 sec
        Start 165: A state message naming an unmanaged window is ignored and does not crash
167/313 Test #165: A state message naming an unmanaged window is ignored and does not crash ......................................   Passed    1.73 sec
        Start 166: A state message toggles fullscreen in both directions
168/313 Test #166: A state message toggles fullscreen in both directions .........................................................   Passed    0.19 sec
        Start 167: An oversized property array is read within a bound and does not hang
169/313 Test #167: An oversized property array is read within a bound and does not hang ..........................................   Passed    0.55 sec
        Start 168: A two-property toggle flips each property independently
170/313 Test #168: A two-property toggle flips each property independently .......................................................   Passed    0.52 sec
        Start 169: A state message adds and removes fullscreen
171/313 Test #169: A state message adds and removes fullscreen ...................................................................   Passed    0.79 sec
        Start 170: A single state message naming two properties applies both
172/313 Test #170: A single state message naming two properties applies both .....................................................   Passed    0.22 sec
        Start 171: A dock mapped after a window is maximized leaves its restore geometry intact
173/313 Test #171: A dock mapped after a window is maximized leaves its restore geometry intact ..................................   Passed    1.47 sec
        Start 172: A state message naming an unsupported state changes nothing
174/313 Test #172: A state message naming an unsupported state changes nothing ...................................................   Passed    0.81 sec
        Start 173: The whole malformed-property battery against one window leaves the WM consistent
175/313 Test #173: The whole malformed-property battery against one window leaves the WM consistent ..............................   Passed    0.83 sec
        Start 174: A strut larger than the screen produces a clamped, valid workarea
176/313 Test #174: A strut larger than the screen produces a clamped, valid workarea .............................................   Passed    0.84 sec
        Start 175: A WM_CHANGE_STATE iconify message hides the client and adds hidden
177/313 Test #175: A WM_CHANGE_STATE iconify message hides the client and adds hidden ............................................   Passed    0.49 sec
        Start 176: A property of the wrong FORMAT is rejected rather than misread
178/313 Test #176: A property of the wrong FORMAT is rejected rather than misread ................................................   Passed    0.51 sec
        Start 177: Destroying a client while it is fullscreen leaves nothing behind
179/313 Test #177: Destroying a client while it is fullscreen leaves nothing behind ..............................................   Passed    0.54 sec
        Start 178: Single-axis maximize changes only that axis, and restores exactly
180/313 Test #178: Single-axis maximize changes only that axis, and restores exactly .............................................   Passed    2.30 sec
        Start 179: With no font available at all the binary exits non-zero and names the menu font
181/313 Test #179: With no font available at all the binary exits non-zero and names the menu font ...............................   Passed    0.10 sec
        Start 180: A second window manager fails cleanly and leaves the incumbent working
182/313 Test #180: A second window manager fails cleanly and leaves the incumbent working ........................................   Passed    0.21 sec
        Start 181: Every terminating path exits within a deadline rather than hanging
183/313 Test #181: Every terminating path exits within a deadline rather than hanging ............................................   Passed    0.34 sec
        Start 182: An unparseable colour setting exits non-zero and names the offending setting
184/313 Test #182: An unparseable colour setting exits non-zero and names the offending setting ..................................   Passed    4.14 sec
        Start 183: An unrecognised flag exits non-zero and its advice names a flag that works
185/313 Test #183: An unrecognised flag exits non-zero and its advice names a flag that works ....................................   Passed    0.05 sec
        Start 184: Highlighting a root-menu row does not erase its label, and neither does leaving it
186/313 Test #184: Highlighting a root-menu row does not erase its label, and neither does leaving it ............................   Passed    0.64 sec
        Start 185: Frame thickness changes the measured frame geometry in both directions
187/313 Test #185: Frame thickness changes the measured frame geometry in both directions ........................................   Passed    1.65 sec
        Start 186: _NET_WM_NAME wins over WM_NAME when a client sets both
188/313 Test #186: _NET_WM_NAME wins over WM_NAME when a client sets both ........................................................   Passed    1.52 sec
        Start 187: A setting given on the command line overrides the same setting in the config file
189/313 Test #187: A setting given on the command line overrides the same setting in the config file .............................   Passed    1.11 sec
        Start 188: Moving from a submenu back to the outer menu re-highlights it and closes the submenu
190/313 Test #188: Moving from a submenu back to the outer menu re-highlights it and closes the submenu ..........................   Passed    0.68 sec
        Start 189: A title advertised only through _NET_WM_NAME reaches the sideways tab
191/313 Test #189: A title advertised only through _NET_WM_NAME reaches the sideways tab .........................................   Passed    0.91 sec
        Start 190: A long title on a short window is shortened to fit its tab, still legibly
192/313 Test #190: A long title on a short window is shortened to fit its tab, still legibly .....................................   Passed    1.47 sec
        Start 191: Repeated create, map, unmap and destroy over 120 windows leaves the WM correct, bounded and free of zombies
193/313 Test #191: Repeated create, map, unmap and destroy over 120 windows leaves the WM correct, bounded and free of zombies ...   Passed    4.11 sec
        Start 192: A stale sanitizer report on a reused display prefix is cleared, and only that prefix is cleared
194/313 Test #192: A stale sanitizer report on a reused display prefix is cleared, and only that prefix is cleared ...............   Passed    0.33 sec
        Start 193: new-window-command decides which program the menu's New entry starts
195/313 Test #193: new-window-command decides which program the menu's New entry starts ..........................................   Passed    0.43 sec
        Start 194: The help flag prints usage and exits successfully
196/313 Test #194: The help flag prints usage and exits successfully .............................................................   Passed    0.03 sec
        Start 195: With no display available the binary exits non-zero and names the display
197/313 Test #195: With no display available the binary exits non-zero and names the display .....................................   Passed    0.03 sec
        Start 196: The active window's tab wears a bevel and an inactive one does not
198/313 Test #196: The active window's tab wears a bevel and an inactive one does not ............................................   Passed    1.18 sec
        Start 197: A UTF-8 title is not truncated at its first multi-byte character
199/313 Test #197: A UTF-8 title is not truncated at its first multi-byte character ..............................................   Passed    1.26 sec
        Start 198: exec-using-shell gates whether a command with arguments and metacharacters is evaluated by a shell
200/313 Test #198: exec-using-shell gates whether a command with arguments and metacharacters is evaluated by a shell ............   Passed   30.69 sec
        Start 199: Highlighting a category submenu row does not erase its label either
201/313 Test #199: Highlighting a category submenu row does not erase its label either ...........................................   Passed    0.70 sec
        Start 200: Tab foreground and background colours reach the rendered tab
202/313 Test #200: Tab foreground and background colours reach the rendered tab ..................................................   Passed    1.12 sec
        Start 201: The root menu still opens and tracks the pointer after a submenu episode
203/313 Test #201: The root menu still opens and tracks the pointer after a submenu episode ......................................   Passed    1.29 sec
        Start 202: Menu background colour reaches the menu opened by a real root click
204/313 Test #202: Menu background colour reaches the menu opened by a real root click ...........................................   Passed    1.20 sec
        Start 203: The window button answers across the whole tab-top square while painting the same square as before
205/313 Test #203: The window button answers across the whole tab-top square while painting the same square as before ............   Passed   12.78 sec
        Start 204: A WM_NAME-only client is unaffected by the EWMH title read
206/313 Test #204: A WM_NAME-only client is unaffected by the EWMH title read ....................................................   Passed    1.22 sec
        Start 205: destroy-window-delay decides whether a tab-button press hides or deletes
207/313 Test #205: destroy-window-delay decides whether a tab-button press hides or deletes ......................................   Passed    2.40 sec
        Start 206: The sideways tab grows with the window title and renders its label
208/313 Test #206: The sideways tab grows with the window title and renders its label ............................................   Passed    1.19 sec
        Start 207: Resident memory with twenty clients mapped stays inside the fixed, pre-committed budget
209/313 Test #207: Resident memory with twenty clients mapped stays inside the fixed, pre-committed budget .......................   Passed    2.70 sec
        Start 208: Idle CPU stays under one percent with auto-raise disabled
210/313 Test #208: Idle CPU stays under one percent with auto-raise disabled .....................................................   Passed   30.84 sec
        Start 209: Idle CPU with twenty clients mapped and no input stays under one percent of wall clock
211/313 Test #209: Idle CPU with twenty clients mapped and no input stays under one percent of wall clock ........................   Passed   30.84 sec
        Start 210: Values exceeding 256 chars are rejected
212/313 Test #210: Values exceeding 256 chars are rejected .......................................................................   Passed    0.00 sec
        Start 211: menu-entry-command with no preceding menu-entry-name is a no-op
213/313 Test #211: menu-entry-command with no preceding menu-entry-name is a no-op ...............................................   Passed    0.00 sec
        Start 212: CLI --new-window-command sets string value
214/313 Test #212: CLI --new-window-command sets string value ....................................................................   Passed    0.00 sec
        Start 213: Config defaults match upstream Config.h
215/313 Test #213: Config defaults match upstream Config.h .......................................................................   Passed    0.00 sec
        Start 214: menu-entry-name/command/category produce one manual AppEntry
216/313 Test #214: menu-entry-name/command/category produce one manual AppEntry ..................................................   Passed    0.00 sec
        Start 215: xdgConfigHome returns XDG_CONFIG_HOME when set and absolute
217/313 Test #215: xdgConfigHome returns XDG_CONFIG_HOME when set and absolute ...................................................   Passed    0.00 sec
        Start 216: Lines exceeding 4096 chars are skipped
218/313 Test #216: Lines exceeding 4096 chars are skipped ........................................................................   Passed    0.00 sec
        Start 217: applyFile parses key=value and overrides defaults
219/313 Test #217: applyFile parses key=value and overrides defaults .............................................................   Passed    0.00 sec
        Start 218: xdgConfigHome falls back to HOME/.config
220/313 Test #218: xdgConfigHome falls back to HOME/.config ......................................................................   Passed    0.00 sec
        Start 219: CLI integer values are clamped to valid ranges
221/313 Test #219: CLI integer values are clamped to valid ranges ................................................................   Passed    0.00 sec
        Start 220: A CLI enable overrides a config-file disable for every focus boolean
222/313 Test #220: A CLI enable overrides a config-file disable for every focus boolean ..........................................   Passed    0.00 sec
        Start 221: Config load with no config files returns pure defaults
223/313 Test #221: Config load with no config files returns pure defaults ........................................................   Passed    0.00 sec
        Start 222: menu-entry-name alone defaults category to Custom
224/313 Test #222: menu-entry-name alone defaults category to Custom .............................................................   Passed    0.00 sec
        Start 223: CLI --no-focus-stealing-prevention disables the mitigation
225/313 Test #223: CLI --no-focus-stealing-prevention disables the mitigation ....................................................   Passed    0.00 sec
        Start 224: xdgConfigDirs parses colon-separated XDG_CONFIG_DIRS
226/313 Test #224: xdgConfigDirs parses colon-separated XDG_CONFIG_DIRS ..........................................................   Passed    0.00 sec
        Start 225: applyFile warns on lines without equals sign
227/313 Test #225: applyFile warns on lines without equals sign ..................................................................   Passed    0.00 sec
        Start 226: CLI --auto-raise enables boolean
228/313 Test #226: CLI --auto-raise enables boolean ..............................................................................   Passed    0.00 sec
        Start 227: Integer values are clamped to valid ranges
229/313 Test #227: Integer values are clamped to valid ranges ....................................................................   Passed    0.00 sec
        Start 228: CLI -- terminates option parsing
230/313 Test #228: CLI -- terminates option parsing ..............................................................................   Passed    0.00 sec
        Start 229: CLI --exec-using-shell enables boolean
231/313 Test #229: CLI --exec-using-shell enables boolean ........................................................................   Passed    0.00 sec
        Start 230: Config load precedence: user config overrides system config
232/313 Test #230: Config load precedence: user config overrides system config ...................................................   Passed    0.01 sec
        Start 231: CLI --no-click-to-focus disables boolean
233/313 Test #231: CLI --no-click-to-focus disables boolean ......................................................................   Passed    0.00 sec
        Start 232: multiple menu-entry-name blocks accumulate independently
234/313 Test #232: multiple menu-entry-name blocks accumulate independently ......................................................   Passed    0.00 sec
        Start 233: CLI --no-exec-using-shell disables boolean
235/313 Test #233: CLI --no-exec-using-shell disables boolean ....................................................................   Passed    0.00 sec
        Start 234: xdgConfigDirs defaults to /etc/xdg
236/313 Test #234: xdgConfigDirs defaults to /etc/xdg ............................................................................   Passed    0.00 sec
        Start 235: xdgConfigHome ignores relative XDG_CONFIG_HOME
237/313 Test #235: xdgConfigHome ignores relative XDG_CONFIG_HOME ................................................................   Passed    0.00 sec
        Start 236: CLI --focus-stealing-prevention enables the mitigation
238/313 Test #236: CLI --focus-stealing-prevention enables the mitigation ........................................................   Passed    0.00 sec
        Start 237: CLI --frame-thickness sets integer value
239/313 Test #237: CLI --frame-thickness sets integer value ......................................................................   Passed    0.00 sec
        Start 238: A CLI enable overrides a config-file disable of focus-stealing prevention
240/313 Test #238: A CLI enable overrides a config-file disable of focus-stealing prevention .....................................   Passed    0.00 sec
        Start 239: xdgConfigDirs skips relative paths
241/313 Test #239: xdgConfigDirs skips relative paths ............................................................................   Passed    0.00 sec
        Start 240: CLI no args leaves config unchanged
242/313 Test #240: CLI no args leaves config unchanged ...........................................................................   Passed    0.00 sec
        Start 241: applyFile skips comments and blank lines
243/313 Test #241: applyFile skips comments and blank lines ......................................................................   Passed    0.00 sec
        Start 242: CLI --no-auto-raise disables boolean
244/313 Test #242: CLI --no-auto-raise disables boolean ..........................................................................   Passed    0.00 sec
        Start 243: CLI --no-raise-on-focus disables boolean
245/313 Test #243: CLI --no-raise-on-focus disables boolean ......................................................................   Passed    0.00 sec
        Start 244: applyFile silently skips non-existent files
246/313 Test #244: applyFile silently skips non-existent files ...................................................................   Passed    0.00 sec
        Start 245: applyKeyValue handles non-numeric int values gracefully
247/313 Test #245: applyKeyValue handles non-numeric int values gracefully .......................................................   Passed    0.00 sec
        Start 246: CLI unknown option causes exit
248/313 Test #246: CLI unknown option causes exit ................................................................................   Passed    0.00 sec
        Start 247: CLI --auto-raise-delay sets integer value
249/313 Test #247: CLI --auto-raise-delay sets integer value .....................................................................   Passed    0.00 sec
        Start 248: menu-entry-category with no preceding menu-entry-name is a no-op
250/313 Test #248: menu-entry-category with no preceding menu-entry-name is a no-op ..............................................   Passed    0.00 sec
        Start 249: CLI --tab-foreground sets string value
251/313 Test #249: CLI --tab-foreground sets string value ........................................................................   Passed    0.00 sec
        Start 250: CLI overrides config file values
252/313 Test #250: CLI overrides config file values ..............................................................................   Passed    0.00 sec
        Start 251: Boolean config values accept multiple formats
253/313 Test #251: Boolean config values accept multiple formats .................................................................   Passed    0.00 sec
        Start 252: CLI --click-to-focus enables boolean
254/313 Test #252: CLI --click-to-focus enables boolean ..........................................................................   Passed    0.00 sec
        Start 253: CLI multiple options all applied
255/313 Test #253: CLI multiple options all applied ..............................................................................   Passed    0.00 sec
        Start 254: CLI --raise-on-focus enables boolean
256/313 Test #254: CLI --raise-on-focus enables boolean ..........................................................................   Passed    0.00 sec
        Start 255: Config key focus-stealing-prevention parses in both directions
257/313 Test #255: Config key focus-stealing-prevention parses in both directions ................................................   Passed    0.00 sec
        Start 256: applyKeyValue handles all 18 settings
258/313 Test #256: applyKeyValue handles all 18 settings .........................................................................   Passed    0.00 sec
        Start 257: A CLI negation overrides a config-file enable for every focus boolean
259/313 Test #257: A CLI negation overrides a config-file enable for every focus boolean .........................................   Passed    0.00 sec
        Start 258: A rule with only a class criterion matches that class and nothing else
260/313 Test #258: A rule with only a class criterion matches that class and nothing else ........................................   Passed    0.00 sec
        Start 259: A config file of only rule lines produces no unknown-key warnings
261/313 Test #259: A config file of only rule lines produces no unknown-key warnings .............................................   Passed    0.00 sec
        Start 260: A title criterion is AND-ed with a class criterion
262/313 Test #260: A title criterion is AND-ed with a class criterion ............................................................   Passed    0.00 sec
        Start 261: A title criterion matches on the window title
263/313 Test #261: A title criterion matches on the window title .................................................................   Passed    0.00 sec
        Start 262: Rules append across the system-then-user chain without merging groups
264/313 Test #262: Rules append across the system-then-user chain without merging groups .........................................   Passed    0.00 sec
        Start 263: A later rule setting an action false overrides an earlier true
265/313 Test #263: A later rule setting an action false overrides an earlier true ................................................   Passed    0.00 sec
        Start 264: Folding matching rules yields the last value set for each action
266/313 Test #264: Folding matching rules yields the last value set for each action ..............................................   Passed    0.00 sec
        Start 265: rule-match-instance matches the instance name only
267/313 Test #265: rule-match-instance matches the instance name only ............................................................   Passed    0.00 sec
        Start 266: A rule with only a title criterion is not treated as criterion-free
268/313 Test #266: A rule with only a title criterion is not treated as criterion-free ...........................................   Passed    0.00 sec
        Start 267: A title criterion against an untitled window does not match
269/313 Test #267: A title criterion against an untitled window does not match ...................................................   Passed    0.00 sec
        Start 268: A title criterion honours exact and substring modes
270/313 Test #268: A title criterion honours exact and substring modes ...........................................................   Passed    0.00 sec
        Start 269: rule-match-name is no longer a rule key
271/313 Test #269: rule-match-name is no longer a rule key .......................................................................   Passed    0.00 sec
        Start 270: The class criterion is tested against both the instance and the class name
272/313 Test #270: The class criterion is tested against both the instance and the class name ....................................   Passed    0.00 sec
        Start 271: A match line following an action line opens a second rule
273/313 Test #271: A match line following an action line opens a second rule .....................................................   Passed    0.00 sec
        Start 272: A class line, a name line and two action lines produce one rule
274/313 Test #272: A class line, a name line and two action lines produce one rule ...............................................   Passed    0.00 sec
        Start 273: Exact mode requires whole-string equality, substring mode accepts a partial match
275/313 Test #273: Exact mode requires whole-string equality, substring mode accepts a partial match .............................   Passed    0.00 sec
        Start 274: A rule with no criteria matches nothing
276/313 Test #274: A rule with no criteria matches nothing .......................................................................   Passed    0.00 sec
        Start 275: A malformed position or size warns and leaves that action unset
277/313 Test #275: A malformed position or size warns and leaves that action unset ...............................................   Passed    0.00 sec
        Start 276: An action with no preceding match line warns and produces no rule
278/313 Test #276: An action with no preceding match line warns and produces no rule .............................................   Passed    0.00 sec
        Start 277: An unrecognised window type warns and leaves the type criterion unset
279/313 Test #277: An unrecognised window type warns and leaves the type criterion unset .........................................   Passed    0.00 sec
        Start 278: rule-match-title parses and opens a rule group
280/313 Test #278: rule-match-title parses and opens a rule group ................................................................   Passed    0.00 sec
        Start 279: A rule value longer than the value-length limit is rejected
281/313 Test #279: A rule value longer than the value-length limit is rejected ...................................................   Passed    0.00 sec
        Start 280: Substring is the default match mode
282/313 Test #280: Substring is the default match mode ...........................................................................   Passed    0.00 sec
        Start 281: A class criterion and a name criterion are AND-ed
283/313 Test #281: A class criterion and a name criterion are AND-ed .............................................................   Passed    0.00 sec
        Start 282: Consecutive match and mode lines attach to the same rule
284/313 Test #282: Consecutive match and mode lines attach to the same rule ......................................................   Passed    0.00 sec
        Start 283: xdgApplicationsDirs appends applications to each data dir and prepends user dir
285/313 Test #283: xdgApplicationsDirs appends applications to each data dir and prepends user dir ...............................   Passed    0.00 sec
        Start 284: parseFile handles a CRLF-terminated blank line without crashing
286/313 Test #284: parseFile handles a CRLF-terminated blank line without crashing ...............................................   Passed    0.00 sec
        Start 285: scanAll does not throw when XDG data dirs are empty/missing
287/313 Test #285: scanAll does not throw when XDG data dirs are empty/missing ...................................................   Passed    0.00 sec
        Start 286: parseFile excludes NotShowIn=wm2-born-again entries
288/313 Test #286: parseFile excludes NotShowIn=wm2-born-again entries ...........................................................   Passed    0.00 sec
        Start 287: parseFile parses a well-formed entry
289/313 Test #287: parseFile parses a well-formed entry ..........................................................................   Passed    0.00 sec
        Start 288: xdgDataDirs defaults to /usr/local/share and /usr/share
290/313 Test #288: xdgDataDirs defaults to /usr/local/share and /usr/share .......................................................   Passed    0.00 sec
        Start 289: parseFile excludes NoDisplay=true entries
291/313 Test #289: parseFile excludes NoDisplay=true entries .....................................................................   Passed    0.00 sec
        Start 290: parseExec treats a quoted argument as one literal token
292/313 Test #290: parseExec treats a quoted argument as one literal token .......................................................   Passed    0.00 sec
        Start 291: parseFile excludes entries with unresolvable TryExec
293/313 Test #291: parseFile excludes entries with unresolvable TryExec ..........................................................   Passed    0.00 sec
        Start 292: parseFile rejects unrecognized Exec field codes
294/313 Test #292: parseFile rejects unrecognized Exec field codes ...............................................................   Passed    0.00 sec
        Start 293: xdgDataDirs parses colon-separated XDG_DATA_DIRS
295/313 Test #293: xdgDataDirs parses colon-separated XDG_DATA_DIRS ..............................................................   Passed    0.00 sec
        Start 294: parseFile excludes Hidden=true entries
296/313 Test #294: parseFile excludes Hidden=true entries ........................................................................   Passed    0.00 sec
        Start 295: readNeededLibraries succeeds on a real CLI ELF binary
297/313 Test #295: readNeededLibraries succeeds on a real CLI ELF binary .........................................................   Passed    0.00 sec
        Start 296: readNeededLibraries returns nullopt for bad ELF magic
298/313 Test #296: readNeededLibraries returns nullopt for bad ELF magic .........................................................   Passed    0.00 sec
        Start 297: isGuiBinary classifies known GUI toolkit substrings
299/313 Test #297: isGuiBinary classifies known GUI toolkit substrings ...........................................................   Passed    0.00 sec
        Start 298: readNeededLibraries returns nullopt for a shebang script
300/313 Test #298: readNeededLibraries returns nullopt for a shebang script ......................................................   Passed    0.00 sec
        Start 299: readNeededLibraries returns nullopt for a nonexistent path
301/313 Test #299: readNeededLibraries returns nullopt for a nonexistent path ....................................................   Passed    0.00 sec
        Start 300: readNeededLibraries returns nullopt for an empty file
302/313 Test #300: readNeededLibraries returns nullopt for an empty file .........................................................   Passed    0.00 sec
        Start 301: scanUsrBin produces only well-formed BinaryScan entries
303/313 Test #301: scanUsrBin produces only well-formed BinaryScan entries .......................................................   Passed    0.06 sec
        Start 302: scanUsrBin excludes names already present in existingNames
304/313 Test #302: scanUsrBin excludes names already present in existingNames ....................................................   Passed    0.11 sec
        Start 303: AppCache read skips a malformed entry but keeps well-formed ones
305/313 Test #303: AppCache read skips a malformed entry but keeps well-formed ones ..............................................   Passed    0.00 sec
        Start 304: mergeEntries D-08 override replaces name-matching entry entirely
306/313 Test #304: mergeEntries D-08 override replaces name-matching entry entirely ..............................................   Passed    0.00 sec
        Start 305: mergeEntries D-07 default Custom category preserved for non-colliding manual entry
307/313 Test #305: mergeEntries D-07 default Custom category preserved for non-colliding manual entry ............................   Passed    0.00 sec
        Start 306: mergeEntries preserves explicit non-Custom category on manual entry
308/313 Test #306: mergeEntries preserves explicit non-Custom category on manual entry ...........................................   Passed    0.00 sec
        Start 307: AppCache write-then-read round-trips mixed-source entries
309/313 Test #307: AppCache write-then-read round-trips mixed-source entries .....................................................   Passed    0.00 sec
        Start 308: loadOrRescan performs a full rescan, persists, then fast-paths
310/313 Test #308: loadOrRescan performs a full rescan, persists, then fast-paths ................................................   Passed    0.07 sec
        Start 309: needsRescan returns true for epoch and false for far-future timestamp
311/313 Test #309: needsRescan returns true for epoch and false for far-future timestamp .........................................   Passed    0.00 sec
        Start 310: AppCache read on nonexistent path returns empty CacheData
312/313 Test #310: AppCache read on nonexistent path returns empty CacheData .....................................................   Passed    0.00 sec
        Start 313: stop_xvfb
313/313 Test #313: stop_xvfb .....................................................................................................   Passed    0.00 sec

100% tests passed, 0 tests failed out of 313

Label Time Summary:
appcache              =   0.09 sec*proc (8 tests)
autoraise             =   0.02 sec*proc (6 tests)
binaryscanner         =   0.18 sec*proc (8 tests)
cli                   =   0.07 sec*proc (23 tests)
client                =   0.04 sec*proc (11 tests)
color                 =   0.01 sec*proc (1 test)
colormap              =   0.01 sec*proc (3 tests)
config                =   0.16 sec*proc (48 tests)
cursor                =   0.01 sec*proc (4 tests)
desktopentry          =   0.03 sec*proc (12 tests)
display               =   0.01 sec*proc (2 tests)
eventloop             =   0.01 sec*proc (5 tests)
ewmh                  =   0.06 sec*proc (16 tests)
font                  =   0.01 sec*proc (3 tests)
gc                    =   0.01 sec*proc (3 tests)
lifecycle             =   0.02 sec*proc (4 tests)
metrics               =   0.03 sec*proc (1 test)
pipe                  =   0.00 sec*proc (1 test)
pixmap                =   0.01 sec*proc (2 tests)
poc                   =   0.16 sec*proc (6 tests)
preflight             =   0.20 sec*proc (1 test)
raii                  =   0.07 sec*proc (25 tests)
rotation              =   0.03 sec*proc (1 test)
rules                 =   0.08 sec*proc (25 tests)
servergrab            =   0.01 sec*proc (3 tests)
shape                 =   0.03 sec*proc (1 test)
shape_invariant       =   0.01 sec*proc (1 test)
smoke                 =   0.02 sec*proc (7 tests)
state                 =   0.03 sec*proc (7 tests)
timer                 =   0.02 sec*proc (6 tests)
utf8                  =   0.03 sec*proc (1 test)
wm_bevel              =   1.18 sec*proc (1 test)
wm_button             =  12.78 sec*proc (1 test)
wm_circulate          =   2.21 sec*proc (1 test)
wm_config_runtime     =  38.59 sec*proc (7 tests)
wm_errors             =   4.88 sec*proc (7 tests)
wm_focus              =  24.34 sec*proc (21 tests)
wm_fsmax              =   8.30 sec*proc (7 tests)
wm_geometry           =   3.13 sec*proc (13 tests)
wm_gravity            =   7.72 sec*proc (4 tests)
wm_harness            =   0.33 sec*proc (1 test)
wm_lifecycle          =   6.18 sec*proc (6 tests)
wm_menuback           =   0.68 sec*proc (1 test)
wm_menulabel          =   1.34 sec*proc (2 tests)
wm_menureopen         =   1.29 sec*proc (1 test)
wm_norandr            =   0.73 sec*proc (4 tests)
wm_norender           =   1.10 sec*proc (6 tests)
wm_noshape            =   0.91 sec*proc (5 tests)
wm_process            =   3.35 sec*proc (6 tests)
wm_props              =   6.90 sec*proc (9 tests)
wm_resource_budget    =  64.38 sec*proc (3 tests)
wm_rules              =   9.90 sec*proc (13 tests)
wm_sizehints          =  10.59 sec*proc (7 tests)
wm_state              =   5.87 sec*proc (8 tests)
wm_stress             =   4.11 sec*proc (1 test)
wm_tablabel           =   7.56 sec*proc (6 tests)
workarea              =   0.01 sec*proc (3 tests)
xdg                   =   0.03 sec*proc (9 tests)
xft                   =   0.16 sec*proc (6 tests)
xft_norender_spike    =   0.20 sec*proc (1 test)

Total Test time (real) = 227.80 sec
  debug: OK

build-all OK: debug
