== preflight ==
  preflight OK

== debug ==
-- Configuring done
-- Generating done
-- Build files have been written to: /home/tomislav/development/wm2-born-again/build/debug
Consolidate compiler generated dependencies of target wm2-born-again
[  8%] Built target wm2-born-again
Consolidate compiler generated dependencies of target Catch2
[ 70%] Built target Catch2
Consolidate compiler generated dependencies of target Catch2WithMain
[ 71%] Built target Catch2WithMain
Consolidate compiler generated dependencies of target test_autoraise
Consolidate compiler generated dependencies of target test_ewmh
Consolidate compiler generated dependencies of target test_eventloop
Consolidate compiler generated dependencies of target test_smoke
Consolidate compiler generated dependencies of target test_xft_poc
Consolidate compiler generated dependencies of target test_client
Consolidate compiler generated dependencies of target test_wm_process
Consolidate compiler generated dependencies of target test_raii
Consolidate compiler generated dependencies of target test_wm_lifecycle
Consolidate compiler generated dependencies of target test_wm_geometry
Consolidate compiler generated dependencies of target test_wm_focus
[ 72%] Built target test_eventloop
[ 73%] Built target test_xft_poc
[ 74%] Built target test_ewmh
[ 75%] Built target test_smoke
Consolidate compiler generated dependencies of target test_wm_fallbacks
[ 76%] Built target test_autoraise
Consolidate compiler generated dependencies of target test_wm_state
Consolidate compiler generated dependencies of target test_wm_rules
[ 77%] Built target test_client
Consolidate compiler generated dependencies of target test_wm_runtime
[ 78%] Built target test_raii
Consolidate compiler generated dependencies of target test_wm_resource
[ 79%] Built target test_wm_geometry
Consolidate compiler generated dependencies of target test_config
[ 82%] Built target test_wm_focus
[ 82%] Built target test_wm_process
Consolidate compiler generated dependencies of target test_rules
[ 84%] Built target test_wm_fallbacks
[ 84%] Built target test_wm_lifecycle
[ 85%] Built target test_wm_runtime
Consolidate compiler generated dependencies of target test_binaryscanner
[ 86%] Built target test_wm_rules
Consolidate compiler generated dependencies of target test_appcache
[ 87%] Built target test_wm_state
Consolidate compiler generated dependencies of target test_desktopentry
[ 88%] Built target test_wm_resource
[ 90%] Built target test_config
[ 93%] Built target test_appcache
[ 96%] Built target test_rules
[ 98%] Built target test_binaryscanner
[100%] Built target test_desktopentry
  debug: 0 compiler/linker warning line(s) recorded in build/debug/build.log
Internal ctest changing into directory: /home/tomislav/development/wm2-born-again/build/debug
Test project /home/tomislav/development/wm2-born-again/build/debug
        Start   1: DisplayDeleter handles null safely
  1/295 Test   #1: DisplayDeleter handles null safely ............................................................................   Passed    0.00 sec
        Start   2: UniquePixmap default constructor is None
  2/295 Test   #2: UniquePixmap default constructor is None ......................................................................   Passed    0.00 sec
        Start   3: UniqueColormap default constructor is None
  3/295 Test   #3: UniqueColormap default constructor is None ....................................................................   Passed    0.00 sec
        Start   4: UniquePixmap is move-only
  4/295 Test   #4: UniquePixmap is move-only .....................................................................................   Passed    0.00 sec
        Start   5: GCDeleter default state has null display
  5/295 Test   #5: GCDeleter default state has null display ......................................................................   Passed    0.00 sec
        Start   6: DisplayPtr is move-only
  6/295 Test   #6: DisplayPtr is move-only .......................................................................................   Passed    0.00 sec
        Start   7: UniqueColormap is move-only
  7/295 Test   #7: UniqueColormap is move-only ...................................................................................   Passed    0.00 sec
        Start   8: UniqueCursor move transfers ownership
  8/295 Test   #8: UniqueCursor move transfers ownership .........................................................................   Passed    0.00 sec
        Start   9: GCDeleter handles null GC safely
  9/295 Test   #9: GCDeleter handles null GC safely ..............................................................................   Passed    0.00 sec
        Start  10: UniqueCursor is move-only
 10/295 Test  #10: UniqueCursor is move-only .....................................................................................   Passed    0.00 sec
        Start  11: UniqueFont default constructor is None
 11/295 Test  #11: UniqueFont default constructor is None ........................................................................   Passed    0.00 sec
        Start  12: GCDeleter handles null display + null GC safely
 12/295 Test  #12: GCDeleter handles null display + null GC safely ...............................................................   Passed    0.00 sec
        Start  13: UniqueCursor release disassociates without freeing
 13/295 Test  #13: UniqueCursor release disassociates without freeing ............................................................   Passed    0.00 sec
        Start  14: UniqueFont is move-only
 14/295 Test  #14: UniqueFont is move-only .......................................................................................   Passed    0.00 sec
        Start  15: UniqueCursor default constructor is None
 15/295 Test  #15: UniqueCursor default constructor is None ......................................................................   Passed    0.00 sec
        Start  16: FontStructDeleter handles null safely
 16/295 Test  #16: FontStructDeleter handles null safely .........................................................................   Passed    0.00 sec
        Start 294: start_xvfb
 17/295 Test #294: start_xvfb ....................................................................................................   Passed    0.11 sec
        Start  17: DisplayPtr manages display lifecycle
 18/295 Test  #17: DisplayPtr manages display lifecycle ..........................................................................   Passed    0.00 sec
        Start  18: UniquePixmap manages pixmap lifecycle
 19/295 Test  #18: UniquePixmap manages pixmap lifecycle .........................................................................   Passed    0.00 sec
        Start  19: GCPtr manages GC lifecycle
 20/295 Test  #19: GCPtr manages GC lifecycle ....................................................................................   Passed    0.00 sec
        Start  20: UniqueCursor manages cursor lifecycle
 21/295 Test  #20: UniqueCursor manages cursor lifecycle .........................................................................   Passed    0.00 sec
        Start  21: Can open Xvfb display
 22/295 Test  #21: Can open Xvfb display .........................................................................................   Passed    0.00 sec
        Start  22: FontStructPtr manages font lifecycle
 23/295 Test  #22: FontStructPtr manages font lifecycle ..........................................................................   Passed    0.00 sec
        Start  23: Xvfb display is available
 24/295 Test  #23: Xvfb display is available .....................................................................................   Passed    0.00 sec
        Start  24: FdGuard closes fd on destruction
 25/295 Test  #24: FdGuard closes fd on destruction ..............................................................................   Passed    0.00 sec
        Start  25: Self-pipe can be created and used
 26/295 Test  #25: Self-pipe can be created and used .............................................................................   Passed    0.00 sec
        Start  26: FdGuard default constructed has fd -1
 27/295 Test  #26: FdGuard default constructed has fd -1 .........................................................................   Passed    0.00 sec
        Start  27: FdGuard move transfers ownership
 28/295 Test  #27: FdGuard move transfers ownership ..............................................................................   Passed    0.00 sec
        Start  28: FdGuard move assignment transfers ownership
 29/295 Test  #28: FdGuard move assignment transfers ownership ...................................................................   Passed    0.00 sec
        Start  29: steady_clock future 80ms deadline is after now
 30/295 Test  #29: steady_clock future 80ms deadline is after now ................................................................   Passed    0.00 sec
        Start  30: Minimum of two deadlines returns earlier
 31/295 Test  #30: Minimum of two deadlines returns earlier ......................................................................   Passed    0.00 sec
        Start  31: Timeout computation clamps past deadlines to 0
 32/295 Test  #31: Timeout computation clamps past deadlines to 0 ................................................................   Passed    0.00 sec
        Start  32: Duration arithmetic produces positive ms for future deadlines
 33/295 Test  #32: Duration arithmetic produces positive ms for future deadlines .................................................   Passed    0.00 sec
        Start  33: Duration arithmetic produces positive ms for past deadlines
 34/295 Test  #33: Duration arithmetic produces positive ms for past deadlines ...................................................   Passed    0.00 sec
        Start  34: steady_clock future 400ms deadline is after now
 35/295 Test  #34: steady_clock future 400ms deadline is after now ...............................................................   Passed    0.00 sec
        Start  35: ServerGrab is not copyable
 36/295 Test  #35: ServerGrab is not copyable ....................................................................................   Passed    0.00 sec
        Start  36: Window move and resize operations
 37/295 Test  #36: Window move and resize operations .............................................................................   Passed    0.00 sec
        Start  37: Window creation and destruction on Xvfb
 38/295 Test  #37: Window creation and destruction on Xvfb .......................................................................   Passed    0.00 sec
        Start  38: Window reparenting on Xvfb
 39/295 Test  #38: Window reparenting on Xvfb ....................................................................................   Passed    0.00 sec
        Start  39: ClientState enum values match X11 constants
 40/295 Test  #39: ClientState enum values match X11 constants ...................................................................   Passed    0.00 sec
        Start  40: Multiple windows managed simultaneously
 41/295 Test  #40: Multiple windows managed simultaneously .......................................................................   Passed    0.00 sec
        Start  41: ServerGrab grabs and releases X server
 42/295 Test  #41: ServerGrab grabs and releases X server ........................................................................   Passed    0.00 sec
        Start  42: WM_STATE property round-trip with ClientState values
 43/295 Test  #42: WM_STATE property round-trip with ClientState values ..........................................................   Passed    0.00 sec
        Start  43: ClientState is a scoped enum
 44/295 Test  #43: ClientState is a scoped enum ..................................................................................   Passed    0.00 sec
        Start  44: ServerGrab handles null display safely
 45/295 Test  #44: ServerGrab handles null display safely ........................................................................   Passed    0.00 sec
        Start  45: Colormap window property read and free
 46/295 Test  #45: Colormap window property read and free ........................................................................   Passed    0.00 sec
        Start  46: UTF-8 string rendering does not crash
 47/295 Test  #46: UTF-8 string rendering does not crash .........................................................................   Passed    0.03 sec
        Start  47: Xft text measurement with XftTextExtentsUtf8
 48/295 Test  #47: Xft text measurement with XftTextExtentsUtf8 ..................................................................   Passed    0.03 sec
        Start  48: XftColor allocation and cleanup
 49/295 Test  #48: XftColor allocation and cleanup ...............................................................................   Passed    0.01 sec
        Start  49: Xft text renders inside shaped window
 50/295 Test  #49: Xft text renders inside shaped window .........................................................................   Passed    0.03 sec
        Start  50: Xft font loads by fontconfig pattern
 51/295 Test  #50: Xft font loads by fontconfig pattern ..........................................................................   Passed    0.03 sec
        Start  51: Rotated font loads via FcMatrix
 52/295 Test  #51: Rotated font loads via FcMatrix ...............................................................................   Passed    0.03 sec
        Start  52: EWMH fullscreen state round-trip
 53/295 Test  #52: EWMH fullscreen state round-trip ..............................................................................   Passed    0.01 sec
        Start  53: EWMH atoms can be interned
 54/295 Test  #53: EWMH atoms can be interned ....................................................................................   Passed    0.01 sec
        Start  54: EWMH _NET_WM_STRUT clamped to screen dimensions
 55/295 Test  #54: EWMH _NET_WM_STRUT clamped to screen dimensions ...............................................................   Passed    0.00 sec
        Start  55: _NET_CURRENT_DESKTOP is 0
 56/295 Test  #55: _NET_CURRENT_DESKTOP is 0 .....................................................................................   Passed    0.00 sec
        Start  56: _NET_WORKAREA is 4-element CARDINAL
 57/295 Test  #56: _NET_WORKAREA is 4-element CARDINAL ...........................................................................   Passed    0.00 sec
        Start  57: _NET_ACTIVE_WINDOW can be set to None
 58/295 Test  #57: _NET_ACTIVE_WINDOW can be set to None .........................................................................   Passed    0.00 sec
        Start  58: _NET_NUMBER_OF_DESKTOPS is 1
 59/295 Test  #58: _NET_NUMBER_OF_DESKTOPS is 1 ..................................................................................   Passed    0.00 sec
        Start  59: EWMH _NET_WM_STATE add/remove/toggle semantics
 60/295 Test  #59: EWMH _NET_WM_STATE add/remove/toggle semantics ................................................................   Passed    0.00 sec
        Start  60: EWMH _NET_WM_STATE property format is Atom array
 61/295 Test  #60: EWMH _NET_WM_STATE property format is Atom array ..............................................................   Passed    0.00 sec
        Start  61: EWMH _NET_WORKAREA subtracts dock struts
 62/295 Test  #61: EWMH _NET_WORKAREA subtracts dock struts ......................................................................   Passed    0.00 sec
        Start  62: _NET_CLIENT_LIST round-trip
 63/295 Test  #62: _NET_CLIENT_LIST round-trip ...................................................................................   Passed    0.00 sec
        Start  63: _NET_SUPPORTED contains declared atoms
 64/295 Test  #63: _NET_SUPPORTED contains declared atoms ........................................................................   Passed    0.00 sec
        Start  64: _NET_WM_NAME UTF8_STRING encoding
 65/295 Test  #64: _NET_WM_NAME UTF8_STRING encoding .............................................................................   Passed    0.00 sec
        Start  65: EWMH maximize state both axes
 66/295 Test  #65: EWMH maximize state both axes .................................................................................   Passed    0.00 sec
        Start  66: EWMH _NET_WM_STRUT_PARTIAL preferred over _NET_WM_STRUT
 67/295 Test  #66: EWMH _NET_WM_STRUT_PARTIAL preferred over _NET_WM_STRUT .......................................................   Passed    0.00 sec
        Start  67: _NET_SUPPORTING_WM_CHECK self-reference
 68/295 Test  #67: _NET_SUPPORTING_WM_CHECK self-reference .......................................................................   Passed    0.00 sec
        Start 293: preflight
 69/295 Test #293: preflight .....................................................................................................   Passed    0.19 sec
        Start  68: A dock window with _NET_WM_STRUT_PARTIAL shrinks _NET_WORKAREA
 70/295 Test  #68: A dock window with _NET_WM_STRUT_PARTIAL shrinks _NET_WORKAREA ................................................   Passed    0.18 sec
        Start  69: Destroying a dock window restores _NET_WORKAREA with no sanitizer report
 71/295 Test  #69: Destroying a dock window restores _NET_WORKAREA with no sanitizer report ......................................   Passed    0.20 sec
        Start  70: A root right-click with no eligible client leaves the WM responsive and idle
 72/295 Test  #70: A root right-click with no eligible client leaves the WM responsive and idle ..................................   Passed    2.20 sec
        Start  71: Synthesised XTEST input on a client's tab activates that window
 73/295 Test  #71: Synthesised XTEST input on a client's tab activates that window ...............................................   Passed    0.39 sec
        Start  72: SIGTERM shuts the WM down cleanly with exit status 0
 74/295 Test  #72: SIGTERM shuts the WM down cleanly with exit status 0 ..........................................................   Passed    0.17 sec
        Start  73: WmFixture starts the real WM and it publishes _NET_SUPPORTING_WM_CHECK
 75/295 Test  #73: WmFixture starts the real WM and it publishes _NET_SUPPORTING_WM_CHECK ........................................   Passed    0.17 sec
        Start  74: Without the lever the server reports the same frame as shaped
 76/295 Test  #74: Without the lever the server reports the same frame as shaped .................................................   Passed    0.19 sec
        Start  75: src/Border.cpp names the Xlib rectangle-combining call exactly once
 77/295 Test  #75: src/Border.cpp names the Xlib rectangle-combining call exactly once ...........................................   Passed    0.01 sec
        Start  76: With no tab font at all the WM still frames clients and exits cleanly
 78/295 Test  #76: With no tab font at all the WM still frames clients and exits cleanly .........................................   Passed    0.19 sec
        Start  77: On a server without XRender SIGTERM still shuts the WM down cleanly
 79/295 Test  #77: On a server without XRender SIGTERM still shuts the WM down cleanly ...........................................   Passed    0.19 sec
        Start  78: Spike: a rotated Xft font loads, measures and draws with XRender disabled
 80/295 Test  #78: Spike: a rotated Xft font loads, measures and draws with XRender disabled .....................................   Passed    0.19 sec
        Start  79: Without the disable the same WM records XRender as available
 81/295 Test  #79: Without the disable the same WM records XRender as available ..................................................   Passed    0.17 sec
        Start  80: With Shape forced off the server reports the frame as unshaped
 82/295 Test  #80: With Shape forced off the server reports the frame as unshaped ................................................   Passed    0.19 sec
        Start  81: A RENDER-less server is recorded in the transcript and costs no font rung
 83/295 Test  #81: A RENDER-less server is recorded in the transcript and costs no font rung .....................................   Passed    0.16 sec
        Start  82: With the rotated tab font unavailable the WM degrades to horizontal labels
 84/295 Test  #82: With the rotated tab font unavailable the WM degrades to horizontal labels ....................................   Passed    0.19 sec
        Start  83: The forced no-Shape path announces itself distinctly in the transcript
 85/295 Test  #83: The forced no-Shape path announces itself distinctly in the transcript ........................................   Passed    0.17 sec
        Start  84: With Shape forced off SIGTERM still shuts the WM down cleanly
 86/295 Test  #84: With Shape forced off SIGTERM still shuts the WM down cleanly .................................................   Passed    0.19 sec
        Start  85: With Shape forced off the WM still manages and frames a client
 87/295 Test  #85: With Shape forced off the WM still manages and frames a client ................................................   Passed    0.18 sec
        Start  86: On a server without XRender the WM starts, manages a client and frames it
 88/295 Test  #86: On a server without XRender the WM starts, manages a client and frames it .....................................   Passed    0.19 sec
        Start  87: With RANDR inert the root-ConfigureNotify fallback still reflows
 89/295 Test  #87: With RANDR inert the root-ConfigureNotify fallback still reflows ..............................................   Passed    0.19 sec
        Start  88: On a RANDR-capable server the WM announces the extension as available
 90/295 Test  #88: On a RANDR-capable server the WM announces the extension as available .........................................   Passed    0.17 sec
        Start  89: A window that still fits after a shrink is not moved
 91/295 Test  #89: A window that still fits after a shrink is not moved ..........................................................   Passed    0.20 sec
        Start  90: Redelivered screen-change notifications carrying stale dimensions change nothing
 92/295 Test  #90: Redelivered screen-change notifications carrying stale dimensions change nothing ..............................   Passed    0.20 sec
        Start  91: A client mapped fully on screen is not moved
 93/295 Test  #91: A client mapped fully on screen is not moved ..................................................................   Passed    0.19 sec
        Start  92: A window larger than the screen is clamped to the origin, not to a negative coordinate
 94/295 Test  #92: A window larger than the screen is clamped to the origin, not to a negative coordinate ........................   Passed    0.19 sec
        Start  93: A window dragged off the top-left keeps its tab on screen
 95/295 Test  #93: A window dragged off the top-left keeps its tab on screen .....................................................   Passed    0.83 sec
        Start  94: A resolution change updates _NET_WORKAREA to the new screen rectangle
 96/295 Test  #94: A resolution change updates _NET_WORKAREA to the new screen rectangle .........................................   Passed    0.17 sec
        Start  95: A window left offscreen by a shrink is moved back into view, not resized
 97/295 Test  #95: A window left offscreen by a shrink is moved back into view, not resized ......................................   Passed    0.20 sec
        Start  96: A client hanging off the right and bottom edges is moved fully on screen
 98/295 Test  #96: A client hanging off the right and bottom edges is moved fully on screen ......................................   Passed    0.19 sec
        Start  97: A configure request naming the frame does not move the window
 99/295 Test  #97: A configure request naming the frame does not move the window .................................................   Passed    0.19 sec
        Start  98: The WM manages windows normally on a server with no RANDR extension
100/295 Test  #98: The WM manages windows normally on a server with no RANDR extension ...........................................   Passed    0.19 sec
        Start  99: A fullscreen client is not repositioned by the resolution-change reflow
101/295 Test  #99: A fullscreen client is not repositioned by the resolution-change reflow .......................................   Passed    0.19 sec
        Start 100: A fullscreen client is sized to exactly the screen
102/295 Test #100: A fullscreen client is sized to exactly the screen ............................................................   Passed    0.21 sec
        Start 101: The WM starts and warns on a server with no RANDR extension
103/295 Test #101: The WM starts and warns on a server with no RANDR extension ...................................................   Passed    0.16 sec
        Start 102: With no docks _NET_WORKAREA is the full screen rectangle
104/295 Test #102: With no docks _NET_WORKAREA is the full screen rectangle ......................................................   Passed    0.16 sec
        Start 103: The WM exits cleanly on SIGTERM with no RANDR extension
105/295 Test #103: The WM exits cleanly on SIGTERM with no RANDR extension .......................................................   Passed    0.19 sec
        Start 104: An activation request from a pager is granted despite a stale timestamp
106/295 Test #104: An activation request from a pager is granted despite a stale timestamp .......................................   Passed    0.84 sec
        Start 105: With click-to-focus the pointer alone does not focus a window but a click does
107/295 Test #105: With click-to-focus the pointer alone does not focus a window but a click does ................................   Passed    2.19 sec
        Start 106: Malformed activation requests are ignored without crashing the WM
108/295 Test #106: Malformed activation requests are ignored without crashing the WM .............................................   Passed    1.80 sec
        Start 107: A stale user-time on the user-time-window proxy is arbitrated
109/295 Test #107: A stale user-time on the user-time-window proxy is arbitrated .................................................   Passed    0.82 sec
        Start 108: With auto-raise off pointer entry neither raises nor focuses the window
110/295 Test #108: With auto-raise off pointer entry neither raises nor focuses the window .......................................   Passed    2.01 sec
        Start 109: A window mapped with a stale user-time is refused focus and demands attention
111/295 Test #109: A window mapped with a stale user-time is refused focus and demands attention .................................   Passed    0.84 sec
        Start 110: With auto-raise on pointer entry raises the window above its neighbour
112/295 Test #110: With auto-raise on pointer entry raises the window above its neighbour ........................................   Passed    0.31 sec
        Start 111: With focus-stealing prevention off a stale activation request is granted
113/295 Test #111: With focus-stealing prevention off a stale activation request is granted ......................................   Passed    0.82 sec
        Start 112: A window mapped with a user-time newer than the last interaction is focused
114/295 Test #112: A window mapped with a user-time newer than the last interaction is focused ...................................   Passed    0.80 sec
        Start 113: With auto-raise off the WM burns no CPU while focus tracking is live
115/295 Test #113: With auto-raise off the WM burns no CPU while focus tracking is live ..........................................   Passed    4.69 sec
        Start 114: Activating a refused window clears its demands-attention state
116/295 Test #114: Activating a refused window clears its demands-attention state ................................................   Passed    1.13 sec
        Start 115: With focus-stealing prevention off a stale window is focused anyway
117/295 Test #115: With focus-stealing prevention off a stale window is focused anyway ...........................................   Passed    0.54 sec
        Start 116: A window mapped with no user-time property is focused
118/295 Test #116: A window mapped with no user-time property is focused .........................................................   Passed    0.51 sec
        Start 117: A fresh application activation request is granted
119/295 Test #117: A fresh application activation request is granted .............................................................   Passed    0.86 sec
        Start 118: An activation request with no source indication is granted
120/295 Test #118: An activation request with no source indication is granted ....................................................   Passed    0.86 sec
        Start 119: A window mapped with a user-time of exactly zero is not focused
121/295 Test #119: A window mapped with a user-time of exactly zero is not focused ...............................................   Passed    0.86 sec
        Start 120: With click-to-focus off the pointer alone focuses a window
122/295 Test #120: With click-to-focus off the pointer alone focuses a window ....................................................   Passed    0.29 sec
        Start 121: With raise-on-focus on a focused window is also raised
123/295 Test #121: With raise-on-focus on a focused window is also raised ........................................................   Passed    0.31 sec
        Start 122: A stale application activation request is refused and demands attention
124/295 Test #122: A stale application activation request is refused and demands attention .......................................   Passed    1.14 sec
        Start 123: A user-time of zero is refused even before any user interaction
125/295 Test #123: A user-time of zero is refused even before any user interaction ...............................................   Passed    0.51 sec
        Start 124: With raise-on-focus off a window is focused without changing stacking order
126/295 Test #124: With raise-on-focus off a window is focused without changing stacking order ...................................   Passed    2.12 sec
        Start 125: Two matching rules fold later-wins per action, not first-match
127/295 Test #125: Two matching rules fold later-wins per action, not first-match ................................................   Passed    0.55 sec
        Start 126: A window that matches no configured rule is untouched by the rules
128/295 Test #126: A window that matches no configured rule is untouched by the rules ............................................   Passed    0.85 sec
        Start 127: With no rules configured a window is framed, placed and stated as before
129/295 Test #127: With no rules configured a window is framed, placed and stated as before ......................................   Passed    0.85 sec
        Start 128: A window matching a no-decorate rule is managed without a frame
130/295 Test #128: A window matching a no-decorate rule is managed without a frame ...............................................   Passed    0.55 sec
        Start 129: A position rule that would strand a window offscreen is clamped
131/295 Test #129: A position rule that would strand a window offscreen is clamped ...............................................   Passed    0.86 sec
        Start 130: A rule matching on window type alone applies to every window of that type
132/295 Test #130: A rule matching on window type alone applies to every window of that type .....................................   Passed    1.47 sec
        Start 131: A window matching a skip-taskbar rule carries skip-taskbar and skip-pager
133/295 Test #131: A window matching a skip-taskbar rule carries skip-taskbar and skip-pager .....................................   Passed    0.55 sec
        Start 132: A position rule places a window and a size rule sizes it
134/295 Test #132: A position rule places a window and a size rule sizes it ......................................................   Passed    0.88 sec
        Start 133: A zero, negative or absurd resize increment neither divides by zero nor produces a nonsensical size
135/295 Test #133: A zero, negative or absurd resize increment neither divides by zero nor produces a nonsensical size ...........   Passed    3.83 sec
        Start 134: Destroying a client while it is the live focus candidate does not crash
136/295 Test #134: Destroying a client while it is the live focus candidate does not crash .......................................   Passed    1.44 sec
        Start 135: Destroying a hidden client removes it from the list without a sanitizer report
137/295 Test #135: Destroying a hidden client removes it from the list without a sanitizer report ................................   Passed    1.12 sec
        Start 136: An increment with no base size quantises against the minimum size
138/295 Test #136: An increment with no base size quantises against the minimum size .............................................   Passed    1.42 sec
        Start 137: Destroying one of three clients removes exactly that one, in order
139/295 Test #137: Destroying one of three clients removes exactly that one, in order ............................................   Passed    0.84 sec
        Start 138: A client declaring no gravity is placed as NorthWest
140/295 Test #138: A client declaring no gravity is placed as NorthWest ..........................................................   Passed    0.82 sec
        Start 139: Unhiding a client moves it back to the visible list, clears the state and remaps
141/295 Test #139: Unhiding a client moves it back to the visible list, clears the state and remaps ..............................   Passed    1.15 sec
        Start 140: A base size plus an increment quantises to base + n*increment
142/295 Test #140: A base size plus an increment quantises to base + n*increment .................................................   Passed    0.96 sec
        Start 141: Hiding a client moves it to the hidden list, marks it hidden and unmaps its frame
143/295 Test #141: Hiding a client moves it to the hidden list, marks it hidden and unmaps its frame .............................   Passed    0.84 sec
        Start 142: A maximum size cannot be dragged past, in either dimension
144/295 Test #142: A maximum size cannot be dragged past, in either dimension ....................................................   Passed    0.96 sec
        Start 143: A fixed-size client is not resized by a drag and shows no resize handle
145/295 Test #143: A fixed-size client is not resized by a drag and shows no resize handle .......................................   Passed    0.95 sec
        Start 144: Every handled window gravity places the client where that mode implies
146/295 Test #144: Every handled window gravity places the client where that mode implies ........................................   Passed    3.74 sec
        Start 145: A minimum size cannot be dragged past, in either dimension
147/295 Test #145: A minimum size cannot be dragged past, in either dimension ....................................................   Passed    0.96 sec
        Start 146: An unhandled gravity value places the window without a negative coordinate
148/295 Test #146: An unhandled gravity value places the window without a negative coordinate ....................................   Passed    0.52 sec
        Start 147: A maximum smaller than the minimum resolves without a nonsensical dimension
149/295 Test #147: A maximum smaller than the minimum resolves without a nonsensical dimension ...................................   Passed    1.43 sec
        Start 148: Destroying a mapped focused client leaves no stale list or active-window entry
150/295 Test #148: Destroying a mapped focused client leaves no stale list or active-window entry ................................   Passed    0.80 sec
        Start 149: The placement adjustment is its own inverse across map/unmap cycles
151/295 Test #149: The placement adjustment is its own inverse across map/unmap cycles ...........................................   Passed    2.63 sec
        Start 150: An empty property array is handled as absent, not as a zero value
152/295 Test #150: An empty property array is handled as absent, not as a zero value .............................................   Passed    0.18 sec
        Start 151: Maximize fills the workarea rather than the screen, and restores exactly
153/295 Test #151: Maximize fills the workarea rather than the screen, and restores exactly ......................................   Passed    1.15 sec
        Start 152: Fullscreen requested while hidden takes effect when the client is unhidden
154/295 Test #152: Fullscreen requested while hidden takes effect when the client is unhidden ....................................   Passed    0.80 sec
        Start 153: Negative and out-of-range struts never invert or empty the workarea
155/295 Test #153: Negative and out-of-range struts never invert or empty the workarea ...........................................   Passed    2.14 sec
        Start 154: A name containing invalid UTF-8 renders without crashing or corrupting
156/295 Test #154: A name containing invalid UTF-8 renders without crashing or corrupting ........................................   Passed    0.53 sec
        Start 155: A state message with the wrong format is ignored
157/295 Test #155: A state message with the wrong format is ignored ..............................................................   Passed    1.11 sec
        Start 156: Deleting a property after the window is managed is handled on the notification
158/295 Test #156: Deleting a property after the window is managed is handled on the notification ................................   Passed    0.84 sec
        Start 157: A window-type property of the wrong atom type is ignored
159/295 Test #157: A window-type property of the wrong atom type is ignored ......................................................   Passed    0.49 sec
        Start 158: Maximizing straight after leaving fullscreen uses workarea geometry
160/295 Test #158: Maximizing straight after leaving fullscreen uses workarea geometry ...........................................   Passed    1.15 sec
        Start 159: Fullscreen covers the whole screen including the dock, and restores exactly
161/295 Test #159: Fullscreen covers the whole screen including the dock, and restores exactly ...................................   Passed    0.82 sec
        Start 160: A state message naming an unmanaged window is ignored and does not crash
162/295 Test #160: A state message naming an unmanaged window is ignored and does not crash ......................................   Passed    1.72 sec
        Start 161: A state message toggles fullscreen in both directions
163/295 Test #161: A state message toggles fullscreen in both directions .........................................................   Passed    0.19 sec
        Start 162: An oversized property array is read within a bound and does not hang
164/295 Test #162: An oversized property array is read within a bound and does not hang ..........................................   Passed    0.54 sec
        Start 163: A two-property toggle flips each property independently
165/295 Test #163: A two-property toggle flips each property independently .......................................................   Passed    0.51 sec
        Start 164: A state message adds and removes fullscreen
166/295 Test #164: A state message adds and removes fullscreen ...................................................................   Passed    0.82 sec
        Start 165: A single state message naming two properties applies both
167/295 Test #165: A single state message naming two properties applies both .....................................................   Passed    0.19 sec
        Start 166: A dock mapped after a window is maximized leaves its restore geometry intact
168/295 Test #166: A dock mapped after a window is maximized leaves its restore geometry intact ..................................   Passed    1.45 sec
        Start 167: A state message naming an unsupported state changes nothing
169/295 Test #167: A state message naming an unsupported state changes nothing ...................................................   Passed    0.80 sec
        Start 168: The whole malformed-property battery against one window leaves the WM consistent
170/295 Test #168: The whole malformed-property battery against one window leaves the WM consistent ..............................   Passed    0.83 sec
        Start 169: A strut larger than the screen produces a clamped, valid workarea
171/295 Test #169: A strut larger than the screen produces a clamped, valid workarea .............................................   Passed    0.86 sec
        Start 170: A WM_CHANGE_STATE iconify message hides the client and adds hidden
172/295 Test #170: A WM_CHANGE_STATE iconify message hides the client and adds hidden ............................................   Passed    0.49 sec
        Start 171: A property of the wrong FORMAT is rejected rather than misread
173/295 Test #171: A property of the wrong FORMAT is rejected rather than misread ................................................   Passed    0.53 sec
        Start 172: Destroying a client while it is fullscreen leaves nothing behind
174/295 Test #172: Destroying a client while it is fullscreen leaves nothing behind ..............................................   Passed    0.54 sec
        Start 173: Single-axis maximize changes only that axis, and restores exactly
175/295 Test #173: Single-axis maximize changes only that axis, and restores exactly .............................................   Passed    2.29 sec
        Start 174: Menu background colour reaches the menu opened by a real root click
176/295 Test #174: Menu background colour reaches the menu opened by a real root click ...........................................   Passed    1.23 sec
        Start 175: An unparseable colour setting exits non-zero and names the offending setting
177/295 Test #175: An unparseable colour setting exits non-zero and names the offending setting ..................................   Passed    4.14 sec
        Start 176: A setting given on the command line overrides the same setting in the config file
178/295 Test #176: A setting given on the command line overrides the same setting in the config file .............................   Passed    1.10 sec
        Start 177: exec-using-shell gates whether a command with arguments and metacharacters is evaluated by a shell
179/295 Test #177: exec-using-shell gates whether a command with arguments and metacharacters is evaluated by a shell ............   Passed   30.71 sec
        Start 178: With no display available the binary exits non-zero and names the display
180/295 Test #178: With no display available the binary exits non-zero and names the display .....................................   Passed    0.03 sec
        Start 179: Every terminating path exits within a deadline rather than hanging
181/295 Test #179: Every terminating path exits within a deadline rather than hanging ............................................   Passed    0.32 sec
        Start 180: Tab foreground and background colours reach the rendered tab
182/295 Test #180: Tab foreground and background colours reach the rendered tab ..................................................   Passed    1.15 sec
        Start 181: With no font available at all the binary exits non-zero and names the menu font
183/295 Test #181: With no font available at all the binary exits non-zero and names the menu font ...............................   Passed    0.10 sec
        Start 182: The root menu still opens and tracks the pointer after a submenu episode
184/295 Test #182: The root menu still opens and tracks the pointer after a submenu episode ......................................   Passed   21.62 sec
        Start 183: A stale sanitizer report on a reused display prefix is cleared, and only that prefix is cleared
185/295 Test #183: A stale sanitizer report on a reused display prefix is cleared, and only that prefix is cleared ...............   Passed    0.33 sec
        Start 184: A long title on a short window is shortened to fit its tab, still legibly
186/295 Test #184: A long title on a short window is shortened to fit its tab, still legibly .....................................   Passed    1.48 sec
        Start 185: Repeated create, map, unmap and destroy over 120 windows leaves the WM correct, bounded and free of zombies
187/295 Test #185: Repeated create, map, unmap and destroy over 120 windows leaves the WM correct, bounded and free of zombies ...   Passed    4.08 sec
        Start 186: The sideways tab grows with the window title and renders its label
188/295 Test #186: The sideways tab grows with the window title and renders its label ............................................   Passed    1.21 sec
        Start 187: Highlighting a root-menu row does not erase its label, and neither does leaving it
189/295 Test #187: Highlighting a root-menu row does not erase its label, and neither does leaving it ............................   Passed    0.67 sec
        Start 188: The window button answers across the whole tab-top square while painting the same square as before
190/295 Test #188: The window button answers across the whole tab-top square while painting the same square as before ............   Passed   12.75 sec
        Start 189: A second window manager fails cleanly and leaves the incumbent working
191/295 Test #189: A second window manager fails cleanly and leaves the incumbent working ........................................   Passed    0.21 sec
        Start 190: Moving from a submenu back to the outer menu re-highlights it and closes the submenu
192/295 Test #190: Moving from a submenu back to the outer menu re-highlights it and closes the submenu ..........................   Passed    0.65 sec
        Start 191: An unrecognised flag exits non-zero and its advice names a flag that works
193/295 Test #191: An unrecognised flag exits non-zero and its advice names a flag that works ....................................   Passed    0.05 sec
        Start 192: new-window-command decides which program the menu's New entry starts
194/295 Test #192: new-window-command decides which program the menu's New entry starts ..........................................   Passed    0.41 sec
        Start 193: Frame thickness changes the measured frame geometry in both directions
195/295 Test #193: Frame thickness changes the measured frame geometry in both directions ........................................   Passed    1.64 sec
        Start 194: destroy-window-delay decides whether a tab-button press hides or deletes
196/295 Test #194: destroy-window-delay decides whether a tab-button press hides or deletes ......................................   Passed    2.40 sec
        Start 195: Highlighting a category submenu row does not erase its label either
197/295 Test #195: Highlighting a category submenu row does not erase its label either ...........................................   Passed    0.73 sec
        Start 196: The help flag prints usage and exits successfully
198/295 Test #196: The help flag prints usage and exits successfully .............................................................   Passed    0.03 sec
        Start 197: Resident memory with twenty clients mapped stays inside the fixed, pre-committed budget
199/295 Test #197: Resident memory with twenty clients mapped stays inside the fixed, pre-committed budget .......................   Passed    2.68 sec
        Start 198: Idle CPU stays under one percent with auto-raise disabled
200/295 Test #198: Idle CPU stays under one percent with auto-raise disabled .....................................................   Passed   30.84 sec
        Start 199: Idle CPU with twenty clients mapped and no input stays under one percent of wall clock
201/295 Test #199: Idle CPU with twenty clients mapped and no input stays under one percent of wall clock ........................   Passed   30.84 sec
        Start 200: CLI -- terminates option parsing
202/295 Test #200: CLI -- terminates option parsing ..............................................................................   Passed    0.00 sec
        Start 201: Config key focus-stealing-prevention parses in both directions
203/295 Test #201: Config key focus-stealing-prevention parses in both directions ................................................   Passed    0.00 sec
        Start 202: CLI --no-raise-on-focus disables boolean
204/295 Test #202: CLI --no-raise-on-focus disables boolean ......................................................................   Passed    0.00 sec
        Start 203: xdgConfigHome returns XDG_CONFIG_HOME when set and absolute
205/295 Test #203: xdgConfigHome returns XDG_CONFIG_HOME when set and absolute ...................................................   Passed    0.00 sec
        Start 204: CLI --frame-thickness sets integer value
206/295 Test #204: CLI --frame-thickness sets integer value ......................................................................   Passed    0.00 sec
        Start 205: applyFile warns on lines without equals sign
207/295 Test #205: applyFile warns on lines without equals sign ..................................................................   Passed    0.00 sec
        Start 206: A CLI enable overrides a config-file disable for every focus boolean
208/295 Test #206: A CLI enable overrides a config-file disable for every focus boolean ..........................................   Passed    0.00 sec
        Start 207: menu-entry-category with no preceding menu-entry-name is a no-op
209/295 Test #207: menu-entry-category with no preceding menu-entry-name is a no-op ..............................................   Passed    0.00 sec
        Start 208: xdgConfigDirs skips relative paths
210/295 Test #208: xdgConfigDirs skips relative paths ............................................................................   Passed    0.00 sec
        Start 209: CLI --no-auto-raise disables boolean
211/295 Test #209: CLI --no-auto-raise disables boolean ..........................................................................   Passed    0.00 sec
        Start 210: CLI --no-focus-stealing-prevention disables the mitigation
212/295 Test #210: CLI --no-focus-stealing-prevention disables the mitigation ....................................................   Passed    0.00 sec
        Start 211: applyKeyValue handles all 18 settings
213/295 Test #211: applyKeyValue handles all 18 settings .........................................................................   Passed    0.00 sec
        Start 212: xdgConfigDirs parses colon-separated XDG_CONFIG_DIRS
214/295 Test #212: xdgConfigDirs parses colon-separated XDG_CONFIG_DIRS ..........................................................   Passed    0.00 sec
        Start 213: xdgConfigDirs defaults to /etc/xdg
215/295 Test #213: xdgConfigDirs defaults to /etc/xdg ............................................................................   Passed    0.00 sec
        Start 214: Config load precedence: user config overrides system config
216/295 Test #214: Config load precedence: user config overrides system config ...................................................   Passed    0.01 sec
        Start 215: applyKeyValue handles non-numeric int values gracefully
217/295 Test #215: applyKeyValue handles non-numeric int values gracefully .......................................................   Passed    0.00 sec
        Start 216: Lines exceeding 4096 chars are skipped
218/295 Test #216: Lines exceeding 4096 chars are skipped ........................................................................   Passed    0.00 sec
        Start 217: Values exceeding 256 chars are rejected
219/295 Test #217: Values exceeding 256 chars are rejected .......................................................................   Passed    0.00 sec
        Start 218: CLI --exec-using-shell enables boolean
220/295 Test #218: CLI --exec-using-shell enables boolean ........................................................................   Passed    0.00 sec
        Start 219: CLI --click-to-focus enables boolean
221/295 Test #219: CLI --click-to-focus enables boolean ..........................................................................   Passed    0.00 sec
        Start 220: menu-entry-command with no preceding menu-entry-name is a no-op
222/295 Test #220: menu-entry-command with no preceding menu-entry-name is a no-op ...............................................   Passed    0.00 sec
        Start 221: CLI --no-click-to-focus disables boolean
223/295 Test #221: CLI --no-click-to-focus disables boolean ......................................................................   Passed    0.00 sec
        Start 222: xdgConfigHome falls back to HOME/.config
224/295 Test #222: xdgConfigHome falls back to HOME/.config ......................................................................   Passed    0.00 sec
        Start 223: Integer values are clamped to valid ranges
225/295 Test #223: Integer values are clamped to valid ranges ....................................................................   Passed    0.00 sec
        Start 224: A CLI enable overrides a config-file disable of focus-stealing prevention
226/295 Test #224: A CLI enable overrides a config-file disable of focus-stealing prevention .....................................   Passed    0.00 sec
        Start 225: CLI multiple options all applied
227/295 Test #225: CLI multiple options all applied ..............................................................................   Passed    0.00 sec
        Start 226: CLI integer values are clamped to valid ranges
228/295 Test #226: CLI integer values are clamped to valid ranges ................................................................   Passed    0.00 sec
        Start 227: CLI --raise-on-focus enables boolean
229/295 Test #227: CLI --raise-on-focus enables boolean ..........................................................................   Passed    0.00 sec
        Start 228: CLI --tab-foreground sets string value
230/295 Test #228: CLI --tab-foreground sets string value ........................................................................   Passed    0.00 sec
        Start 229: CLI --focus-stealing-prevention enables the mitigation
231/295 Test #229: CLI --focus-stealing-prevention enables the mitigation ........................................................   Passed    0.00 sec
        Start 230: applyFile skips comments and blank lines
232/295 Test #230: applyFile skips comments and blank lines ......................................................................   Passed    0.00 sec
        Start 231: CLI no args leaves config unchanged
233/295 Test #231: CLI no args leaves config unchanged ...........................................................................   Passed    0.00 sec
        Start 232: menu-entry-name alone defaults category to Custom
234/295 Test #232: menu-entry-name alone defaults category to Custom .............................................................   Passed    0.00 sec
        Start 233: CLI overrides config file values
235/295 Test #233: CLI overrides config file values ..............................................................................   Passed    0.00 sec
        Start 234: multiple menu-entry-name blocks accumulate independently
236/295 Test #234: multiple menu-entry-name blocks accumulate independently ......................................................   Passed    0.00 sec
        Start 235: applyFile silently skips non-existent files
237/295 Test #235: applyFile silently skips non-existent files ...................................................................   Passed    0.00 sec
        Start 236: CLI --auto-raise-delay sets integer value
238/295 Test #236: CLI --auto-raise-delay sets integer value .....................................................................   Passed    0.00 sec
        Start 237: CLI unknown option causes exit
239/295 Test #237: CLI unknown option causes exit ................................................................................   Passed    0.00 sec
        Start 238: menu-entry-name/command/category produce one manual AppEntry
240/295 Test #238: menu-entry-name/command/category produce one manual AppEntry ..................................................   Passed    0.00 sec
        Start 239: applyFile parses key=value and overrides defaults
241/295 Test #239: applyFile parses key=value and overrides defaults .............................................................   Passed    0.00 sec
        Start 240: CLI --auto-raise enables boolean
242/295 Test #240: CLI --auto-raise enables boolean ..............................................................................   Passed    0.00 sec
        Start 241: xdgConfigHome ignores relative XDG_CONFIG_HOME
243/295 Test #241: xdgConfigHome ignores relative XDG_CONFIG_HOME ................................................................   Passed    0.00 sec
        Start 242: Boolean config values accept multiple formats
244/295 Test #242: Boolean config values accept multiple formats .................................................................   Passed    0.00 sec
        Start 243: Config defaults match upstream Config.h
245/295 Test #243: Config defaults match upstream Config.h .......................................................................   Passed    0.00 sec
        Start 244: CLI --no-exec-using-shell disables boolean
246/295 Test #244: CLI --no-exec-using-shell disables boolean ....................................................................   Passed    0.00 sec
        Start 245: A CLI negation overrides a config-file enable for every focus boolean
247/295 Test #245: A CLI negation overrides a config-file enable for every focus boolean .........................................   Passed    0.00 sec
        Start 246: Config load with no config files returns pure defaults
248/295 Test #246: Config load with no config files returns pure defaults ........................................................   Passed    0.00 sec
        Start 247: CLI --new-window-command sets string value
249/295 Test #247: CLI --new-window-command sets string value ....................................................................   Passed    0.00 sec
        Start 248: A rule value longer than the value-length limit is rejected
250/295 Test #248: A rule value longer than the value-length limit is rejected ...................................................   Passed    0.00 sec
        Start 249: A rule with no criteria matches nothing
251/295 Test #249: A rule with no criteria matches nothing .......................................................................   Passed    0.00 sec
        Start 250: A rule with only a class criterion matches that class and nothing else
252/295 Test #250: A rule with only a class criterion matches that class and nothing else ........................................   Passed    0.00 sec
        Start 251: An action with no preceding match line warns and produces no rule
253/295 Test #251: An action with no preceding match line warns and produces no rule .............................................   Passed    0.00 sec
        Start 252: A later rule setting an action false overrides an earlier true
254/295 Test #252: A later rule setting an action false overrides an earlier true ................................................   Passed    0.00 sec
        Start 253: Substring is the default match mode
255/295 Test #253: Substring is the default match mode ...........................................................................   Passed    0.00 sec
        Start 254: A malformed position or size warns and leaves that action unset
256/295 Test #254: A malformed position or size warns and leaves that action unset ...............................................   Passed    0.00 sec
        Start 255: An unrecognised window type warns and leaves the type criterion unset
257/295 Test #255: An unrecognised window type warns and leaves the type criterion unset .........................................   Passed    0.00 sec
        Start 256: A class line, a name line and two action lines produce one rule
258/295 Test #256: A class line, a name line and two action lines produce one rule ...............................................   Passed    0.00 sec
        Start 257: Exact mode requires whole-string equality, substring mode accepts a partial match
259/295 Test #257: Exact mode requires whole-string equality, substring mode accepts a partial match .............................   Passed    0.00 sec
        Start 258: A match line following an action line opens a second rule
260/295 Test #258: A match line following an action line opens a second rule .....................................................   Passed    0.00 sec
        Start 259: A config file of only rule lines produces no unknown-key warnings
261/295 Test #259: A config file of only rule lines produces no unknown-key warnings .............................................   Passed    0.00 sec
        Start 260: Folding matching rules yields the last value set for each action
262/295 Test #260: Folding matching rules yields the last value set for each action ..............................................   Passed    0.00 sec
        Start 261: Rules append across the system-then-user chain without merging groups
263/295 Test #261: Rules append across the system-then-user chain without merging groups .........................................   Passed    0.00 sec
        Start 262: A class criterion and a name criterion are AND-ed
264/295 Test #262: A class criterion and a name criterion are AND-ed .............................................................   Passed    0.00 sec
        Start 263: The class criterion is tested against both the instance and the class name
265/295 Test #263: The class criterion is tested against both the instance and the class name ....................................   Passed    0.00 sec
        Start 264: Consecutive match and mode lines attach to the same rule
266/295 Test #264: Consecutive match and mode lines attach to the same rule ......................................................   Passed    0.00 sec
        Start 265: xdgApplicationsDirs appends applications to each data dir and prepends user dir
267/295 Test #265: xdgApplicationsDirs appends applications to each data dir and prepends user dir ...............................   Passed    0.00 sec
        Start 266: parseFile handles a CRLF-terminated blank line without crashing
268/295 Test #266: parseFile handles a CRLF-terminated blank line without crashing ...............................................   Passed    0.00 sec
        Start 267: scanAll does not throw when XDG data dirs are empty/missing
269/295 Test #267: scanAll does not throw when XDG data dirs are empty/missing ...................................................   Passed    0.00 sec
        Start 268: parseFile excludes NotShowIn=wm2-born-again entries
270/295 Test #268: parseFile excludes NotShowIn=wm2-born-again entries ...........................................................   Passed    0.00 sec
        Start 269: parseFile parses a well-formed entry
271/295 Test #269: parseFile parses a well-formed entry ..........................................................................   Passed    0.00 sec
        Start 270: xdgDataDirs defaults to /usr/local/share and /usr/share
272/295 Test #270: xdgDataDirs defaults to /usr/local/share and /usr/share .......................................................   Passed    0.00 sec
        Start 271: parseFile excludes NoDisplay=true entries
273/295 Test #271: parseFile excludes NoDisplay=true entries .....................................................................   Passed    0.00 sec
        Start 272: parseExec treats a quoted argument as one literal token
274/295 Test #272: parseExec treats a quoted argument as one literal token .......................................................   Passed    0.00 sec
        Start 273: parseFile excludes entries with unresolvable TryExec
275/295 Test #273: parseFile excludes entries with unresolvable TryExec ..........................................................   Passed    0.00 sec
        Start 274: parseFile rejects unrecognized Exec field codes
276/295 Test #274: parseFile rejects unrecognized Exec field codes ...............................................................   Passed    0.00 sec
        Start 275: xdgDataDirs parses colon-separated XDG_DATA_DIRS
277/295 Test #275: xdgDataDirs parses colon-separated XDG_DATA_DIRS ..............................................................   Passed    0.00 sec
        Start 276: parseFile excludes Hidden=true entries
278/295 Test #276: parseFile excludes Hidden=true entries ........................................................................   Passed    0.00 sec
        Start 277: readNeededLibraries succeeds on a real CLI ELF binary
279/295 Test #277: readNeededLibraries succeeds on a real CLI ELF binary .........................................................   Passed    0.00 sec
        Start 278: readNeededLibraries returns nullopt for bad ELF magic
280/295 Test #278: readNeededLibraries returns nullopt for bad ELF magic .........................................................   Passed    0.00 sec
        Start 279: isGuiBinary classifies known GUI toolkit substrings
281/295 Test #279: isGuiBinary classifies known GUI toolkit substrings ...........................................................   Passed    0.00 sec
        Start 280: readNeededLibraries returns nullopt for a shebang script
282/295 Test #280: readNeededLibraries returns nullopt for a shebang script ......................................................   Passed    0.00 sec
        Start 281: readNeededLibraries returns nullopt for a nonexistent path
283/295 Test #281: readNeededLibraries returns nullopt for a nonexistent path ....................................................   Passed    0.00 sec
        Start 282: readNeededLibraries returns nullopt for an empty file
284/295 Test #282: readNeededLibraries returns nullopt for an empty file .........................................................   Passed    0.00 sec
        Start 283: scanUsrBin produces only well-formed BinaryScan entries
285/295 Test #283: scanUsrBin produces only well-formed BinaryScan entries .......................................................   Passed    0.07 sec
        Start 284: scanUsrBin excludes names already present in existingNames
286/295 Test #284: scanUsrBin excludes names already present in existingNames ....................................................   Passed    0.10 sec
        Start 285: AppCache read skips a malformed entry but keeps well-formed ones
287/295 Test #285: AppCache read skips a malformed entry but keeps well-formed ones ..............................................   Passed    0.00 sec
        Start 286: mergeEntries D-08 override replaces name-matching entry entirely
288/295 Test #286: mergeEntries D-08 override replaces name-matching entry entirely ..............................................   Passed    0.00 sec
        Start 287: mergeEntries D-07 default Custom category preserved for non-colliding manual entry
289/295 Test #287: mergeEntries D-07 default Custom category preserved for non-colliding manual entry ............................   Passed    0.00 sec
        Start 288: mergeEntries preserves explicit non-Custom category on manual entry
290/295 Test #288: mergeEntries preserves explicit non-Custom category on manual entry ...........................................   Passed    0.00 sec
        Start 289: AppCache write-then-read round-trips mixed-source entries
291/295 Test #289: AppCache write-then-read round-trips mixed-source entries .....................................................   Passed    0.00 sec
        Start 290: loadOrRescan performs a full rescan, persists, then fast-paths
292/295 Test #290: loadOrRescan performs a full rescan, persists, then fast-paths ................................................   Passed    0.06 sec
        Start 291: needsRescan returns true for epoch and false for far-future timestamp
293/295 Test #291: needsRescan returns true for epoch and false for far-future timestamp .........................................   Passed    0.00 sec
        Start 292: AppCache read on nonexistent path returns empty CacheData
294/295 Test #292: AppCache read on nonexistent path returns empty CacheData .....................................................   Passed    0.00 sec
        Start 295: stop_xvfb
295/295 Test #295: stop_xvfb .....................................................................................................   Passed    0.00 sec

100% tests passed, 0 tests failed out of 295

Label Time Summary:
appcache              =   0.08 sec*proc (8 tests)
autoraise             =   0.02 sec*proc (6 tests)
binaryscanner         =   0.19 sec*proc (8 tests)
cli                   =   0.07 sec*proc (23 tests)
client                =   0.04 sec*proc (11 tests)
color                 =   0.01 sec*proc (1 test)
colormap              =   0.01 sec*proc (3 tests)
config                =   0.16 sec*proc (48 tests)
cursor                =   0.01 sec*proc (4 tests)
desktopentry          =   0.03 sec*proc (12 tests)
display               =   0.01 sec*proc (2 tests)
eventloop             =   0.02 sec*proc (5 tests)
ewmh                  =   0.07 sec*proc (16 tests)
font                  =   0.01 sec*proc (3 tests)
gc                    =   0.01 sec*proc (3 tests)
lifecycle             =   0.02 sec*proc (4 tests)
metrics               =   0.03 sec*proc (1 test)
pipe                  =   0.00 sec*proc (1 test)
pixmap                =   0.01 sec*proc (2 tests)
poc                   =   0.16 sec*proc (6 tests)
preflight             =   0.19 sec*proc (1 test)
raii                  =   0.08 sec*proc (25 tests)
rotation              =   0.03 sec*proc (1 test)
rules                 =   0.06 sec*proc (17 tests)
servergrab            =   0.01 sec*proc (3 tests)
shape                 =   0.03 sec*proc (1 test)
shape_invariant       =   0.01 sec*proc (1 test)
smoke                 =   0.03 sec*proc (7 tests)
state                 =   0.03 sec*proc (7 tests)
timer                 =   0.02 sec*proc (6 tests)
utf8                  =   0.03 sec*proc (1 test)
wm_button             =  12.75 sec*proc (1 test)
wm_circulate          =   2.20 sec*proc (1 test)
wm_config_runtime     =  38.64 sec*proc (7 tests)
wm_errors             =   4.86 sec*proc (7 tests)
wm_focus              =  24.25 sec*proc (21 tests)
wm_fsmax              =   8.19 sec*proc (7 tests)
wm_geometry           =   3.09 sec*proc (13 tests)
wm_gravity            =   7.71 sec*proc (4 tests)
wm_harness            =   0.33 sec*proc (1 test)
wm_lifecycle          =   6.18 sec*proc (6 tests)
wm_menuback           =   0.65 sec*proc (1 test)
wm_menulabel          =   1.40 sec*proc (2 tests)
wm_menureopen         =  21.62 sec*proc (1 test)
wm_norandr            =   0.73 sec*proc (4 tests)
wm_norender           =   1.09 sec*proc (6 tests)
wm_noshape            =   0.92 sec*proc (5 tests)
wm_process            =   3.32 sec*proc (6 tests)
wm_props              =   6.94 sec*proc (9 tests)
wm_resource_budget    =  64.36 sec*proc (3 tests)
wm_rules              =   6.56 sec*proc (8 tests)
wm_sizehints          =  10.52 sec*proc (7 tests)
wm_state              =   5.83 sec*proc (8 tests)
wm_stress             =   4.08 sec*proc (1 test)
wm_tablabel           =   2.69 sec*proc (2 tests)
workarea              =   0.01 sec*proc (3 tests)
xdg                   =   0.02 sec*proc (9 tests)
xft                   =   0.16 sec*proc (6 tests)
xft_norender_spike    =   0.19 sec*proc (1 test)

Total Test time (real) = 238.34 sec
  debug: OK

build-all OK: debug
