Consolidate compiler generated dependencies of target wm2-born-again
[  8%] Built target wm2-born-again
Consolidate compiler generated dependencies of target Catch2
[ 70%] Built target Catch2
Consolidate compiler generated dependencies of target Catch2WithMain
[ 71%] Built target Catch2WithMain
Consolidate compiler generated dependencies of target test_autoraise
Consolidate compiler generated dependencies of target test_ewmh
Consolidate compiler generated dependencies of target test_eventloop
Consolidate compiler generated dependencies of target test_smoke
Consolidate compiler generated dependencies of target test_xft_poc
Consolidate compiler generated dependencies of target test_client
Consolidate compiler generated dependencies of target test_wm_process
Consolidate compiler generated dependencies of target test_raii
Consolidate compiler generated dependencies of target test_wm_lifecycle
Consolidate compiler generated dependencies of target test_wm_geometry
Consolidate compiler generated dependencies of target test_wm_focus
[ 72%] Built target test_eventloop
[ 73%] Built target test_xft_poc
[ 74%] Built target test_ewmh
[ 75%] Built target test_smoke
Consolidate compiler generated dependencies of target test_wm_fallbacks
[ 76%] Built target test_autoraise
Consolidate compiler generated dependencies of target test_wm_state
Consolidate compiler generated dependencies of target test_wm_rules
[ 77%] Built target test_client
Consolidate compiler generated dependencies of target test_wm_runtime
[ 78%] Built target test_raii
Consolidate compiler generated dependencies of target test_wm_resource
[ 79%] Built target test_wm_geometry
Consolidate compiler generated dependencies of target test_config
[ 82%] Built target test_wm_focus
[ 82%] Built target test_wm_process
Consolidate compiler generated dependencies of target test_rules
[ 84%] Built target test_wm_fallbacks
[ 84%] Built target test_wm_lifecycle
[ 85%] Built target test_wm_runtime
Consolidate compiler generated dependencies of target test_binaryscanner
[ 86%] Built target test_wm_rules
Consolidate compiler generated dependencies of target test_appcache
[ 87%] Built target test_wm_state
Consolidate compiler generated dependencies of target test_desktopentry
[ 88%] Built target test_wm_resource
[ 90%] Built target test_config
[ 93%] Built target test_appcache
[ 96%] Built target test_rules
[ 98%] Built target test_binaryscanner
[100%] Built target test_desktopentry
